<html>
<body>
<pre>
<h1>µVision Build Log</h1>
<h2>Tool Versions:</h2>
IDE-Version: µVision V5.25.2.0
Copyright (C) 2018 ARM Ltd and ARM Germany GmbH. All rights reserved.
License Information: Michael Gugganig, STMicroelectronics, LIC=S5ITH-FUNH5-D7DVZ-H8FB1-DQA6C-NC0J4
 
Tool Versions:
Toolchain:       MDK-ARM Professional  Version: 5.25.2.0
Toolchain Path:  C:\Keil_v5\ARM\ARMCC\Bin
C Compiler:      Armcc.exe V5.06 update 6 (build 750)
Assembler:       Armasm.exe V5.06 update 6 (build 750)
Linker/Locator:  ArmLink.exe V5.06 update 6 (build 750)
Library Manager: ArmAr.exe V5.06 update 6 (build 750)
Hex Converter:   FromElf.exe V5.06 update 6 (build 750)
CPU DLL:         SARMCM3.DLL V5.25.2.0
Dialog DLL:      DCM.DLL V1.17.1.0
Target DLL:      UL2CM3.DLL V1.160.12.0
Dialog DLL:      TCM.DLL V1.35.1.0
 
<h2>Project:</h2>
S:\git\nfcsandbox\products\ST25RU3993\ST25RU3993_apps\Firmware_Eval\ST25RU3993\Jigen\MDK-ARM\ST25RU3993_Jigen.uvprojx
Project File Date:  08/21/2019

<h2>Output:</h2>
*** Using Compiler 'V5.06 update 6 (build 750)', folder: 'C:\Keil_v5\ARM\ARMCC\Bin'
Build target 'ST25RU3993_Jigen'
compiling gpio.c...
compiling main.c...
compiling spi.c...
compiling dma.c...
compiling rtc.c...
compiling usart.c...
compiling stm32l4xx_it.c...
compiling tim.c...
compiling appl_commands_table.c...
compiling stm32l4xx_hal_msp.c...
compiling bitbang.c...
compiling crc.c...
compiling bootloader.c...
compiling appl_commands.c...
..\..\Src\appl_commands.c(1380): warning:  #177-D: function "switchAntenna"  was declared but never referenced
  static void switchAntenna(uint8_t antenna)
..\..\Src\appl_commands.c: 1 warning, 0 errors
compiling global.c...
compiling flash_access.c...
compiling gen2.c...
compiling logger.c...
compiling iso6b.c...
compiling platform.c...
compiling spi_driver.c...
compiling st25RU3993.c...
compiling timer.c...
compiling stream_dispatcher.c...
compiling tuner.c...
compiling uart_stream_driver.c...
compiling uart_driver.c...
compiling system_stm32l4xx.c...
compiling stm32l4xx_hal_rtc.c...
compiling stm32l4xx_hal_rtc_ex.c...
compiling stm32l4xx_hal_spi_ex.c...
compiling stm32l4xx_hal_spi.c...
compiling stm32l4xx_hal_tim_ex.c...
compiling stm32l4xx_hal_tim.c...
compiling stm32l4xx_hal_uart.c...
compiling stm32l4xx_hal_uart_ex.c...
compiling stm32l4xx_hal.c...
compiling stm32l4xx_hal_i2c_ex.c...
compiling stm32l4xx_hal_rcc.c...
compiling stm32l4xx_hal_i2c.c...
compiling stm32l4xx_hal_flash.c...
compiling stm32l4xx_hal_rcc_ex.c...
compiling stm32l4xx_hal_flash_ex.c...
compiling stm32l4xx_hal_flash_ramfunc.c...
compiling stm32l4xx_hal_gpio.c...
compiling stm32l4xx_hal_dma.c...
compiling stm32l4xx_hal_dma_ex.c...
compiling stm32l4xx_hal_pwr.c...
compiling stm32l4xx_hal_pwr_ex.c...
compiling stm32l4xx_hal_cortex.c...
linking...
Program Size: Code=46806 RO-data=3262 RW-data=488 ZI-data=70400  
FromELF: creating hex file...
After Build - User command #1: C:\Keil_v5\ARM\ARMCC\bin\fromelf.exe --bin --output=..\..\..\ST25RU3993_Jigen.bin ST25RU3993_Jigen\ST25RU3993_Jigen.axf
".\ST25RU3993_Jigen\ST25RU3993_Jigen.axf" - 0 Error(s), 1 Warning(s).

<h2>Software Packages used:</h2>

Package Vendor: ARM
                http://www.keil.com/pack/ARM.CMSIS.5.3.0.pack
                ARM.CMSIS.5.3.0
                CMSIS (Cortex Microcontroller Software Interface Standard)
   * Component: CORE Version: 5.1.1

Package Vendor: Keil
                http://www.keil.com/pack/Keil.STM32L4xx_DFP.2.0.0.pack
                Keil.STM32L4xx_DFP.2.0.0
                STMicroelectronics STM32L4 Series Device Support, Drivers and Examples

<h2>Collection of Component include folders:</h2>
  .\RTE\_ST25RU3993_Jigen
  C:\Keil_v5\ARM\PACK\ARM\CMSIS\5.3.0\CMSIS\Include
  C:\Keil_v5\ARM\PACK\Keil\STM32L4xx_DFP\2.0.0\Drivers\CMSIS\Device\ST\STM32L4xx\Include

<h2>Collection of Component Files used:</h2>

   * Component: ARM::CMSIS:CORE:5.1.1
Build Time Elapsed:  00:00:17
</pre>
</body>
</html>
