Component: ARM Compiler 5.06 update 6 (build 750) Tool: armlink [4d35ed]

==============================================================================

Section Cross References

    main.o(i.HAL_GPIO_EXTI_Callback) refers to st25ru3993.o(i.st25RU3993Isr) for st25RU3993Isr
    main.o(i.HAL_RTC_AlarmAEventCallback) refers to timer.o(.data) for rtcTimerMsValue
    main.o(i.HAL_RTC_AlarmBEventCallback) refers to timer.o(.data) for rtcTimerMsValue
    main.o(i.HAL_TIM_PeriodElapsedCallback) refers to bitbang.o(i.bitbangIsr) for bitbangIsr
    main.o(i.HAL_TIM_PeriodElapsedCallback) refers to tim.o(.bss) for htim5
    main.o(i.SystemClock_Config) refers to stm32l4xx_hal_pwr.o(i.HAL_PWR_EnableBkUpAccess) for HAL_PWR_EnableBkUpAccess
    main.o(i.SystemClock_Config) refers to stm32l4xx_hal_rcc.o(i.HAL_RCC_OscConfig) for HAL_RCC_OscConfig
    main.o(i.SystemClock_Config) refers to stm32l4xx_hal_rcc.o(i.HAL_RCC_ClockConfig) for HAL_RCC_ClockConfig
    main.o(i.SystemClock_Config) refers to stm32l4xx_hal_rcc_ex.o(i.HAL_RCCEx_PeriphCLKConfig) for HAL_RCCEx_PeriphCLKConfig
    main.o(i.SystemClock_Config) refers to stm32l4xx_hal_pwr_ex.o(i.HAL_PWREx_ControlVoltageScaling) for HAL_PWREx_ControlVoltageScaling
    main.o(i.SystemClock_Config) refers to stm32l4xx_hal_rcc.o(i.HAL_RCC_GetHCLKFreq) for HAL_RCC_GetHCLKFreq
    main.o(i.SystemClock_Config) refers to stm32l4xx_hal_cortex.o(i.HAL_SYSTICK_Config) for HAL_SYSTICK_Config
    main.o(i.SystemClock_Config) refers to stm32l4xx_hal_cortex.o(i.HAL_SYSTICK_CLKSourceConfig) for HAL_SYSTICK_CLKSourceConfig
    main.o(i.SystemClock_Config) refers to stm32l4xx_hal_cortex.o(i.HAL_NVIC_SetPriority) for HAL_NVIC_SetPriority
    main.o(i.main) refers to bootloader.o(i.bootloaderCheck) for bootloaderCheck
    main.o(i.main) refers to stm32l4xx_hal.o(i.HAL_Init) for HAL_Init
    main.o(i.main) refers to main.o(i.SystemClock_Config) for SystemClock_Config
    main.o(i.main) refers to gpio.o(i.MX_GPIO_Init) for MX_GPIO_Init
    main.o(i.main) refers to dma.o(i.MX_DMA_Init) for MX_DMA_Init
    main.o(i.main) refers to spi.o(i.MX_SPI1_Init) for MX_SPI1_Init
    main.o(i.main) refers to tim.o(i.MX_TIM4_Init) for MX_TIM4_Init
    main.o(i.main) refers to usart.o(i.MX_USART2_UART_Init) for MX_USART2_UART_Init
    main.o(i.main) refers to tim.o(i.MX_TIM5_Init) for MX_TIM5_Init
    main.o(i.main) refers to usart.o(i.MX_USART3_UART_Init) for MX_USART3_UART_Init
    main.o(i.main) refers to tim.o(i.MX_TIM16_Init) for MX_TIM16_Init
    main.o(i.main) refers to rtc.o(i.MX_RTC_Init) for MX_RTC_Init
    main.o(i.main) refers to stm32l4xx_hal_uart.o(i.HAL_UART_Init) for HAL_UART_Init
    main.o(i.main) refers to platform.o(i.platformInit) for platformInit
    main.o(i.main) refers to timer.o(i.ledTimerStart) for ledTimerStart
    main.o(i.main) refers to logger.o(i.loggerTx) for loggerTx
    main.o(i.main) refers to stream_dispatcher.o(i.ProcessIO) for ProcessIO
    main.o(i.main) refers to appl_commands.o(i.doCyclicInventory) for doCyclicInventory
    main.o(i.main) refers to appl_commands.o(i.doContinuousModulation) for doContinuousModulation
    main.o(i.main) refers to appl_commands.o(i.doSaveTuningTable) for doSaveTuningTable
    main.o(i.main) refers to logger.o(i.loggerTxFlush) for loggerTxFlush
    main.o(i.main) refers to usart.o(.bss) for huart2
    gpio.o(i.MX_GPIO_Init) refers to stm32l4xx_hal_gpio.o(i.HAL_GPIO_WritePin) for HAL_GPIO_WritePin
    gpio.o(i.MX_GPIO_Init) refers to stm32l4xx_hal_gpio.o(i.HAL_GPIO_Init) for HAL_GPIO_Init
    gpio.o(i.MX_GPIO_Init) refers to stm32l4xx_hal_cortex.o(i.HAL_NVIC_SetPriority) for HAL_NVIC_SetPriority
    gpio.o(i.MX_GPIO_Init) refers to stm32l4xx_hal_cortex.o(i.HAL_NVIC_EnableIRQ) for HAL_NVIC_EnableIRQ
    gpio.o(i.MX_GPIO_InitDirectMode) refers to stm32l4xx_hal_gpio.o(i.HAL_GPIO_Init) for HAL_GPIO_Init
    gpio.o(i.MX_GPIO_InitDirectMode) refers to stm32l4xx_hal_cortex.o(i.HAL_NVIC_DisableIRQ) for HAL_NVIC_DisableIRQ
    gpio.o(i.MX_GPIO_InitNormalMode) refers to stm32l4xx_hal_gpio.o(i.HAL_GPIO_Init) for HAL_GPIO_Init
    gpio.o(i.MX_GPIO_InitNormalMode) refers to stm32l4xx_hal_cortex.o(i.HAL_NVIC_EnableIRQ) for HAL_NVIC_EnableIRQ
    dma.o(i.MX_DMA_Init) refers to stm32l4xx_hal_cortex.o(i.HAL_NVIC_SetPriority) for HAL_NVIC_SetPriority
    dma.o(i.MX_DMA_Init) refers to stm32l4xx_hal_cortex.o(i.HAL_NVIC_EnableIRQ) for HAL_NVIC_EnableIRQ
    rtc.o(i.HAL_RTC_MspDeInit) refers to stm32l4xx_hal_cortex.o(i.HAL_NVIC_DisableIRQ) for HAL_NVIC_DisableIRQ
    rtc.o(i.HAL_RTC_MspInit) refers to stm32l4xx_hal_cortex.o(i.HAL_NVIC_SetPriority) for HAL_NVIC_SetPriority
    rtc.o(i.HAL_RTC_MspInit) refers to stm32l4xx_hal_cortex.o(i.HAL_NVIC_EnableIRQ) for HAL_NVIC_EnableIRQ
    rtc.o(i.MX_RTC_Init) refers to stm32l4xx_hal_rtc.o(i.HAL_RTC_Init) for HAL_RTC_Init
    rtc.o(i.MX_RTC_Init) refers to main.o(i._Error_Handler) for _Error_Handler
    rtc.o(i.MX_RTC_Init) refers to stm32l4xx_hal_rtc.o(i.HAL_RTC_SetTime) for HAL_RTC_SetTime
[...]
    HAL_GPIO_EXTI_IRQHandler                 0x0800118d   Thumb Code    18  stm32l4xx_hal_gpio.o(i.HAL_GPIO_EXTI_IRQHandler)
    HAL_GPIO_Init                            0x080011a5   Thumb Code   424  stm32l4xx_hal_gpio.o(i.HAL_GPIO_Init)
    HAL_GPIO_ReadPin                         0x08001377   Thumb Code    10  stm32l4xx_hal_gpio.o(i.HAL_GPIO_ReadPin)
    HAL_GPIO_WritePin                        0x08001381   Thumb Code    10  stm32l4xx_hal_gpio.o(i.HAL_GPIO_WritePin)
    HAL_GetTick                              0x0800138d   Thumb Code     6  stm32l4xx_hal.o(i.HAL_GetTick)
    HAL_HalfDuplex_Init                      0x08001399   Thumb Code   116  stm32l4xx_hal_uart.o(i.HAL_HalfDuplex_Init)
    HAL_IncTick                              0x0800140d   Thumb Code    10  stm32l4xx_hal.o(i.HAL_IncTick)
    HAL_Init                                 0x0800141d   Thumb Code    32  stm32l4xx_hal.o(i.HAL_Init)
    HAL_InitTick                             0x08001441   Thumb Code    34  stm32l4xx_hal.o(i.HAL_InitTick)
    HAL_MspInit                              0x08001469   Thumb Code   122  stm32l4xx_hal_msp.o(i.HAL_MspInit)
    HAL_NVIC_DisableIRQ                      0x080014e9   Thumb Code    22  stm32l4xx_hal_cortex.o(i.HAL_NVIC_DisableIRQ)
    HAL_NVIC_EnableIRQ                       0x080014ff   Thumb Code    22  stm32l4xx_hal_cortex.o(i.HAL_NVIC_EnableIRQ)
    HAL_NVIC_SetPriority                     0x08001515   Thumb Code    60  stm32l4xx_hal_cortex.o(i.HAL_NVIC_SetPriority)
    HAL_NVIC_SetPriorityGrouping             0x08001555   Thumb Code    26  stm32l4xx_hal_cortex.o(i.HAL_NVIC_SetPriorityGrouping)
    HAL_NVIC_SystemReset                     0x08001579   Thumb Code    26  stm32l4xx_hal_cortex.o(i.HAL_NVIC_SystemReset)
    HAL_PWREx_ControlVoltageScaling          0x0800159d   Thumb Code    86  stm32l4xx_hal_pwr_ex.o(i.HAL_PWREx_ControlVoltageScaling)
    HAL_PWREx_GetVoltageRange                0x08001601   Thumb Code    10  stm32l4xx_hal_pwr_ex.o(i.HAL_PWREx_GetVoltageRange)
    HAL_PWR_EnableBkUpAccess                 0x08001611   Thumb Code    12  stm32l4xx_hal_pwr.o(i.HAL_PWR_EnableBkUpAccess)
    HAL_RCCEx_PeriphCLKConfig                0x08001621   Thumb Code   924  stm32l4xx_hal_rcc_ex.o(i.HAL_RCCEx_PeriphCLKConfig)
    HAL_RCC_ClockConfig                      0x080019cd   Thumb Code   272  stm32l4xx_hal_rcc.o(i.HAL_RCC_ClockConfig)
    HAL_RCC_GetHCLKFreq                      0x08001aed   Thumb Code     6  stm32l4xx_hal_rcc.o(i.HAL_RCC_GetHCLKFreq)
    HAL_RCC_GetPCLK1Freq                     0x08001af9   Thumb Code    20  stm32l4xx_hal_rcc.o(i.HAL_RCC_GetPCLK1Freq)
    HAL_RCC_GetPCLK2Freq                     0x08001b19   Thumb Code    20  stm32l4xx_hal_rcc.o(i.HAL_RCC_GetPCLK2Freq)
    HAL_RCC_GetSysClockFreq                  0x08001b39   Thumb Code   182  stm32l4xx_hal_rcc.o(i.HAL_RCC_GetSysClockFreq)
    HAL_RCC_OscConfig                        0x08001bfd   Thumb Code  1114  stm32l4xx_hal_rcc.o(i.HAL_RCC_OscConfig)
    HAL_RTCEx_AlarmBEventCallback            0x08002057   Thumb Code     2  stm32l4xx_hal_rtc_ex.o(i.HAL_RTCEx_AlarmBEventCallback)
    HAL_RTC_AlarmAEventCallback              0x08002059   Thumb Code    10  main.o(i.HAL_RTC_AlarmAEventCallback)
    HAL_RTC_AlarmIRQHandler                  0x08002069   Thumb Code   110  stm32l4xx_hal_rtc.o(i.HAL_RTC_AlarmIRQHandler)
    HAL_RTC_Init                             0x080020dd   Thumb Code   180  stm32l4xx_hal_rtc.o(i.HAL_RTC_Init)
    HAL_RTC_MspInit                          0x08002195   Thumb Code    44  rtc.o(i.HAL_RTC_MspInit)
    HAL_RTC_SetAlarm_IT                      0x080021c9   Thumb Code   408  stm32l4xx_hal_rtc.o(i.HAL_RTC_SetAlarm_IT)
    HAL_RTC_SetDate                          0x0800236d   Thumb Code   212  stm32l4xx_hal_rtc.o(i.HAL_RTC_SetDate)
    HAL_RTC_SetTime                          0x08002445   Thumb Code   244  stm32l4xx_hal_rtc.o(i.HAL_RTC_SetTime)
    HAL_RTC_WaitForSynchro                   0x0800253d   Thumb Code    52  stm32l4xx_hal_rtc.o(i.HAL_RTC_WaitForSynchro)
    HAL_SPI_Abort                            0x08002571   Thumb Code   340  stm32l4xx_hal_spi.o(i.HAL_SPI_Abort)
    HAL_SPI_GetState                         0x080026d1   Thumb Code     6  stm32l4xx_hal_spi.o(i.HAL_SPI_GetState)
    HAL_SPI_Init                             0x080026d7   Thumb Code   172  stm32l4xx_hal_spi.o(i.HAL_SPI_Init)
    HAL_SPI_MspDeInit                        0x08002785   Thumb Code    30  spi.o(i.HAL_SPI_MspDeInit)
    HAL_SPI_MspInit                          0x080027ad   Thumb Code    64  spi.o(i.HAL_SPI_MspInit)
    HAL_SPI_TransmitReceive                  0x080027f5   Thumb Code   554  stm32l4xx_hal_spi.o(i.HAL_SPI_TransmitReceive)
    HAL_SYSTICK_CLKSourceConfig              0x08002a25   Thumb Code    24  stm32l4xx_hal_cortex.o(i.HAL_SYSTICK_CLKSourceConfig)
    HAL_SYSTICK_Callback                     0x08002a3d   Thumb Code     2  stm32l4xx_hal_cortex.o(i.HAL_SYSTICK_Callback)
    HAL_SYSTICK_Config                       0x08002a3f   Thumb Code    40  stm32l4xx_hal_cortex.o(i.HAL_SYSTICK_Config)
    HAL_SYSTICK_IRQHandler                   0x08002a67   Thumb Code     8  stm32l4xx_hal_cortex.o(i.HAL_SYSTICK_IRQHandler)
    HAL_TIMEx_Break2Callback                 0x08002a6f   Thumb Code     2  stm32l4xx_hal_tim_ex.o(i.HAL_TIMEx_Break2Callback)
    HAL_TIMEx_BreakCallback                  0x08002a71   Thumb Code     2  stm32l4xx_hal_tim_ex.o(i.HAL_TIMEx_BreakCallback)
    HAL_TIMEx_CommutationCallback            0x08002a73   Thumb Code     2  stm32l4xx_hal_tim_ex.o(i.HAL_TIMEx_CommutationCallback)
    HAL_TIMEx_MasterConfigSynchronization    0x08002a75   Thumb Code    88  stm32l4xx_hal_tim_ex.o(i.HAL_TIMEx_MasterConfigSynchronization)
    HAL_TIM_Base_Init                        0x08002ad5   Thumb Code    54  stm32l4xx_hal_tim.o(i.HAL_TIM_Base_Init)
    HAL_TIM_Base_MspInit                     0x08002b0d   Thumb Code   108  tim.o(i.HAL_TIM_Base_MspInit)
    HAL_TIM_Base_Start_IT                    0x08002b89   Thumb Code    44  stm32l4xx_hal_tim.o(i.HAL_TIM_Base_Start_IT)
    HAL_TIM_Base_Stop_IT                     0x08002bb9   Thumb Code    42  stm32l4xx_hal_tim.o(i.HAL_TIM_Base_Stop_IT)
    HAL_TIM_ConfigClockSource                0x08002be5   Thumb Code   228  stm32l4xx_hal_tim.o(i.HAL_TIM_ConfigClockSource)
    HAL_TIM_IC_CaptureCallback               0x08002ccd   Thumb Code     2  stm32l4xx_hal_tim.o(i.HAL_TIM_IC_CaptureCallback)
    HAL_TIM_IRQHandler                       0x08002ccf   Thumb Code   388  stm32l4xx_hal_tim.o(i.HAL_TIM_IRQHandler)
    HAL_TIM_OC_DelayElapsedCallback          0x08002e53   Thumb Code     2  stm32l4xx_hal_tim.o(i.HAL_TIM_OC_DelayElapsedCallback)
    HAL_TIM_PWM_PulseFinishedCallback        0x08002e55   Thumb Code     2  stm32l4xx_hal_tim.o(i.HAL_TIM_PWM_PulseFinishedCallback)
    HAL_TIM_PeriodElapsedCallback            0x08002e59   Thumb Code    12  main.o(i.HAL_TIM_PeriodElapsedCallback)
    HAL_TIM_TriggerCallback                  0x08002e69   Thumb Code     2  stm32l4xx_hal_tim.o(i.HAL_TIM_TriggerCallback)
    HAL_UARTEx_WakeupCallback                0x08002e6b   Thumb Code     2  stm32l4xx_hal_uart_ex.o(i.HAL_UARTEx_WakeupCallback)
    HAL_UART_ErrorCallback                   0x08002e6d   Thumb Code     2  stm32l4xx_hal_uart.o(i.HAL_UART_ErrorCallback)
    HAL_UART_GetState                        0x08002e6f   Thumb Code    10  stm32l4xx_hal_uart.o(i.HAL_UART_GetState)
    HAL_UART_IRQHandler                      0x08002e79   Thumb Code   320  stm32l4xx_hal_uart.o(i.HAL_UART_IRQHandler)
    HAL_UART_Init                            0x08002fbd   Thumb Code   106  stm32l4xx_hal_uart.o(i.HAL_UART_Init)
    HAL_UART_MspInit                         0x08003029   Thumb Code   304  usart.o(i.HAL_UART_MspInit)
    HAL_UART_Receive_DMA                     0x08003181   Thumb Code   134  stm32l4xx_hal_uart.o(i.HAL_UART_Receive_DMA)
    HAL_UART_RxCpltCallback                  0x08003215   Thumb Code     2  stm32l4xx_hal_uart.o(i.HAL_UART_RxCpltCallback)
    HAL_UART_RxHalfCpltCallback              0x08003217   Thumb Code     2  stm32l4xx_hal_uart.o(i.HAL_UART_RxHalfCpltCallback)
    HAL_UART_Transmit_DMA                    0x08003219   Thumb Code   122  stm32l4xx_hal_uart.o(i.HAL_UART_Transmit_DMA)
    HAL_UART_TxCpltCallback                  0x080032a1   Thumb Code     2  main.o(i.HAL_UART_TxCpltCallback)
    HAL_UART_TxHalfCpltCallback              0x080032a3   Thumb Code     2  main.o(i.HAL_UART_TxHalfCpltCallback)
    MX_DMA_Init                              0x080032a5   Thumb Code    72  dma.o(i.MX_DMA_Init)
    MX_GPIO_Init                             0x080032f1   Thumb Code   298  gpio.o(i.MX_GPIO_Init)
    MX_GPIO_InitDirectMode                   0x08003433   Thumb Code    96  gpio.o(i.MX_GPIO_InitDirectMode)
    MX_GPIO_InitNormalMode                   0x08003495   Thumb Code   146  gpio.o(i.MX_GPIO_InitNormalMode)
    MX_RTC_Init                              0x08003531   Thumb Code   182  rtc.o(i.MX_RTC_Init)
    MX_SPI1_DeInit                           0x08003601   Thumb Code     6  spi.o(i.MX_SPI1_DeInit)
    MX_SPI1_Init                             0x0800360d   Thumb Code    74  spi.o(i.MX_SPI1_Init)
    MX_TIM16_Init                            0x08003671   Thumb Code    50  tim.o(i.MX_TIM16_Init)
    MX_TIM4_Init                             0x080036bd   Thumb Code    96  tim.o(i.MX_TIM4_Init)
    MX_TIM5_Init                             0x08003735   Thumb Code    92  tim.o(i.MX_TIM5_Init)
    MX_USART2_UART_Init                      0x080037a9   Thumb Code    56  usart.o(i.MX_USART2_UART_Init)
    MX_USART3_UART_Init                      0x080037f9   Thumb Code    56  usart.o(i.MX_USART3_UART_Init)
    ProcessIO                                0x08003869   Thumb Code    32  stream_dispatcher.o(i.ProcessIO)
    RTC_Alarm_IRQHandler                     0x08003b3d   Thumb Code     6  stm32l4xx_it.o(i.RTC_Alarm_IRQHandler)
    RTC_Bcd2ToByte                           0x08003b49   Thumb Code    18  stm32l4xx_hal_rtc.o(i.RTC_Bcd2ToByte)
    RTC_ByteToBcd2                           0x08003b5b   Thumb Code    22  stm32l4xx_hal_rtc.o(i.RTC_ByteToBcd2)
    RTC_EnterInitMode                        0x08003b71   Thumb Code    56  stm32l4xx_hal_rtc.o(i.RTC_EnterInitMode)
    StreamDispatcherGetLastError             0x08003e21   Thumb Code    10  stream_dispatcher.o(i.StreamDispatcherGetLastError)
    StreamDispatcherInit                     0x08003e31   Thumb Code    20  stream_dispatcher.o(i.StreamDispatcherInit)
    SysTick_Handler                          0x08003e49   Thumb Code    14  stm32l4xx_it.o(i.SysTick_Handler)
    SystemClock_Config                       0x08003e59   Thumb Code   162  main.o(i.SystemClock_Config)
    SystemInit                               0x08003f05   Thumb Code    44  system_stm32l4xx.o(i.SystemInit)
    TIM4_IRQHandler                          0x08003f3d   Thumb Code     6  stm32l4xx_it.o(i.TIM4_IRQHandler)
    TIM5_IRQHandler                          0x08003f49   Thumb Code     6  stm32l4xx_it.o(i.TIM5_IRQHandler)
    TIM_Base_SetConfig                       0x08003f55   Thumb Code   160  stm32l4xx_hal_tim.o(i.TIM_Base_SetConfig)
    TIM_ETR_SetConfig                        0x08004015   Thumb Code    20  stm32l4xx_hal_tim.o(i.TIM_ETR_SetConfig)
    UART_AdvFeatureConfig                    0x0800407f   Thumb Code   200  stm32l4xx_hal_uart.o(i.UART_AdvFeatureConfig)
    UART_CheckIdleState                      0x08004147   Thumb Code    92  stm32l4xx_hal_uart.o(i.UART_CheckIdleState)
    UART_SetConfig                           0x080042b5   Thumb Code   652  stm32l4xx_hal_uart.o(i.UART_SetConfig)
    UART_WaitOnFlagUntilTimeout              0x08004571   Thumb Code    98  stm32l4xx_hal_uart.o(i.UART_WaitOnFlagUntilTimeout)
    USART2_IRQHandler                        0x080045d5   Thumb Code     6  stm32l4xx_it.o(i.USART2_IRQHandler)
    USART3_IRQHandler                        0x080045e1   Thumb Code     6  stm32l4xx_it.o(i.USART3_IRQHandler)
    _Error_Handler                           0x080045ed   Thumb Code     2  main.o(i._Error_Handler)
    __0snprintf                              0x080045f1   Thumb Code    44  printfa.o(i.__0snprintf)
    __1snprintf                              0x080045f1   Thumb Code     0  printfa.o(i.__0snprintf)
    __2snprintf                              0x080045f1   Thumb Code     0  printfa.o(i.__0snprintf)
    __c89snprintf                            0x080045f1   Thumb Code     0  printfa.o(i.__0snprintf)
    snprintf                                 0x080045f1   Thumb Code     0  printfa.o(i.__0snprintf)
    __0vsnprintf                             0x08004621   Thumb Code    40  printfa.o(i.__0vsnprintf)
    __1vsnprintf                             0x08004621   Thumb Code     0  printfa.o(i.__0vsnprintf)
    __2vsnprintf                             0x08004621   Thumb Code     0  printfa.o(i.__0vsnprintf)
    __c89vsnprintf                           0x08004621   Thumb Code     0  printfa.o(i.__0vsnprintf)
    vsnprintf                                0x08004621   Thumb Code     0  printfa.o(i.__0vsnprintf)
    __scatterload_copy                       0x0800464d   Thumb Code    14  handlers.o(i.__scatterload_copy)
    __scatterload_null                       0x0800465b   Thumb Code     2  handlers.o(i.__scatterload_null)
    __scatterload_zeroinit                   0x0800465d   Thumb Code    14  handlers.o(i.__scatterload_zeroinit)
    bbRun                                    0x0800512d   Thumb Code    36  bitbang.o(i.bbRun)
    bbSetup                                  0x08005155   Thumb Code    10  bitbang.o(i.bbSetup)
    bitbangIsr                               0x08005165   Thumb Code    74  bitbang.o(i.bitbangIsr)
    bitbangTimerStart                        0x080051b5   Thumb Code     6  timer.o(i.bitbangTimerStart)
    bitbangTimerStop                         0x080051c1   Thumb Code     6  timer.o(i.bitbangTimerStop)
    bootloaderCheck                          0x080051cd   Thumb Code    56  bootloader.o(i.bootloaderCheck)
    bootloaderEnterAndReset                  0x08005215   Thumb Code    24  bootloader.o(i.bootloaderEnterAndReset)
    calcCrc16                                0x08005235   Thumb Code    44  crc.o(i.calcCrc16)
    callAntennaPower                         0x08005265   Thumb Code     4  appl_commands.o(i.callAntennaPower)
    callChangeFreq                           0x08005269   Thumb Code     4  appl_commands.o(i.callChangeFreq)
    callConfigGb29768                        0x0800526d   Thumb Code     8  appl_commands.o(i.callConfigGb29768)
    callConfigGen2                           0x08005279   Thumb Code   192  appl_commands.o(i.callConfigGen2)
    callConfigPA                             0x08005341   Thumb Code   122  appl_commands.o(i.callConfigPA)
    callConfigTxRx                           0x080053c5   Thumb Code    52  appl_commands.o(i.callConfigTxRx)
    callEraseTag                             0x080053fd   Thumb Code    14  appl_commands.o(i.callEraseTag)
    callGenericCommand                       0x0800540b   Thumb Code    16  appl_commands.o(i.callGenericCommand)
    callGetSetTuning                         0x0800541d   Thumb Code   304  appl_commands.o(i.callGetSetTuning)
    callInventory6B                          0x08005559   Thumb Code   152  appl_commands.o(i.callInventory6B)
    callInventoryData                        0x080055f9   Thumb Code   490  appl_commands.o(i.callInventoryData)
    callInventoryParams                      0x080057f1   Thumb Code   190  appl_commands.o(i.callInventoryParams)
    callKillTag                              0x080058b9   Thumb Code    24  appl_commands.o(i.callKillTag)
    callLockUnlockTag                        0x080058d1   Thumb Code    24  appl_commands.o(i.callLockUnlockTag)
    callRSSIMeasureCMD                       0x080058e9   Thumb Code    20  appl_commands.o(i.callRSSIMeasureCMD)
    callReadFromTag                          0x080058fd   Thumb Code    24  appl_commands.o(i.callReadFromTag)
    callReadFromTag6B                        0x08005915   Thumb Code    80  appl_commands.o(i.callReadFromTag6B)
    callReaderConfig                         0x08005969   Thumb Code     4  appl_commands.o(i.callReaderConfig)
    callSelectTag                            0x0800596d   Thumb Code    24  appl_commands.o(i.callSelectTag)
    callStartStop                            0x08005985   Thumb Code   120  appl_commands.o(i.callStartStop)
    callTunerTable                           0x08005a09   Thumb Code   128  appl_commands.o(i.callTunerTable)
    callTuning                               0x08005a95   Thumb Code    18  appl_commands.o(i.callTuning)
    callWriteToTag                           0x08005aa7   Thumb Code    24  appl_commands.o(i.callWriteToTag)
    callWriteToTag6B                         0x08005ac1   Thumb Code    80  appl_commands.o(i.callWriteToTag6B)
    callWrongCommand                         0x08005b15   Thumb Code     8  appl_commands.o(i.callWrongCommand)
    ceil                                     0x08005b79   Thumb Code   204  ceil.o(i.ceil)
    clearFlashPage                           0x080060ad   Thumb Code    58  tuner.o(i.clearFlashPage)
    commands                                 0x08006101   Thumb Code    70  appl_commands.o(i.commands)
    delayInitialize                          0x08006219   Thumb Code    18  timer.o(i.delayInitialize)
    doContinuousModulation                   0x08006379   Thumb Code    86  appl_commands.o(i.doContinuousModulation)
    doCyclicInventory                        0x080063d9   Thumb Code    92  appl_commands.o(i.doCyclicInventory)
    doSaveTuningTable                        0x08006441   Thumb Code    18  appl_commands.o(i.doSaveTuningTable)
    flashErasePage                           0x08006511   Thumb Code    82  flash_access.o(i.flashErasePage)
    flashProgram64Bit                        0x08006569   Thumb Code    44  flash_access.o(i.flashProgram64Bit)
    floor                                    0x08006595   Thumb Code   204  floor.o(i.floor)
    free                                     0x08006671   Thumb Code    76  malloc.o(i.free)
    gen2AccessTag                            0x080066c1   Thumb Code   160  gen2.o(i.gen2AccessTag)
    gen2Close                                0x08006769   Thumb Code     2  gen2.o(i.gen2Close)
    gen2Configure                            0x0800676d   Thumb Code   664  gen2.o(i.gen2Configure)
    gen2ConfigureSkipRegAccess               0x08006a11   Thumb Code    12  gen2.o(i.gen2ConfigureSkipRegAccess)
    gen2KillTag                              0x08006aa1   Thumb Code   240  gen2.o(i.gen2KillTag)
    gen2LockTag                              0x08006ba1   Thumb Code   130  gen2.o(i.gen2LockTag)
    gen2Open                                 0x08006c2d   Thumb Code     4  gen2.o(i.gen2Open)
    gen2QueryMeasureRSSI                     0x08006c79   Thumb Code   146  gen2.o(i.gen2QueryMeasureRSSI)
    gen2ReadFromTag                          0x08006d1d   Thumb Code   120  gen2.o(i.gen2ReadFromTag)
    gen2SearchForTags                        0x08006e85   Thumb Code   854  gen2.o(i.gen2SearchForTags)
    gen2Select                               0x08007201   Thumb Code   280  gen2.o(i.gen2Select)
    gen2WriteWordToTag                       0x080076a5   Thumb Code   198  gen2.o(i.gen2WriteWordToTag)
    getGen2IntConfig                         0x080078b5   Thumb Code     4  gen2.o(i.getGen2IntConfig)
    initCommands                             0x08007c69   Thumb Code    90  appl_commands.o(i.initCommands)
    initializeFrequencies                    0x08007cc9   Thumb Code   668  tuner.o(i.initializeFrequencies)
    insertBitStream                          0x08008061   Thumb Code    98  global.o(i.insertBitStream)
    inventoryGen2                            0x080080c5   Thumb Code   684  appl_commands.o(i.inventoryGen2)
    iso6bClose                               0x08008395   Thumb Code    28  iso6b.o(i.iso6bClose)
    iso6bInventoryRound                      0x080083b5   Thumb Code   422  iso6b.o(i.iso6bInventoryRound)
    iso6bOpen                                0x08008575   Thumb Code    94  iso6b.o(i.iso6bOpen)
    iso6bRead                                0x080086ad   Thumb Code   250  iso6b.o(i.iso6bRead)
    iso6bWrite                               0x080088c1   Thumb Code   272  iso6b.o(i.iso6bWrite)
    ledTimerStart                            0x08008a35   Thumb Code     2  timer.o(i.ledTimerStart)
    loadTuningTablesFromFlash                0x08008a39   Thumb Code   212  tuner.o(i.loadTuningTablesFromFlash)
    loggerInitialize                         0x08008b9d   Thumb Code    32  logger.o(i.loggerInitialize)
    loggerTx                                 0x08008bc9   Thumb Code   140  logger.o(i.loggerTx)
    loggerTxFlush                            0x08008c6d   Thumb Code    58  logger.o(i.loggerTxFlush)
    main                                     0x08008cb9   Thumb Code   106  main.o(i.main)
    malloc                                   0x08008d4d   Thumb Code    92  malloc.o(i.malloc)
    platformInit                             0x08008ded   Thumb Code    66  platform.o(i.platformInit)
    randomizeFrequencies                     0x08009105   Thumb Code   188  tuner.o(i.randomizeFrequencies)
    readRegister                             0x080092df   Thumb Code    44  appl_commands.o(i.readRegister)
    readRegisters                            0x0800930b   Thumb Code    92  appl_commands.o(i.readRegisters)
    readU32FromLittleEndianBuffer            0x08009367   Thumb Code    10  global.o(i.readU32FromLittleEndianBuffer)
    round                                    0x08009685   Thumb Code   136  round.o(i.round)
    rtcTimerReset                            0x08009719   Thumb Code     8  timer.o(i.rtcTimerReset)
    rtcTimerValue                            0x08009725   Thumb Code     6  timer.o(i.rtcTimerValue)
    saveTuningTableToFlash                   0x08009731   Thumb Code    98  tuner.o(i.saveTuningTableToFlash)
    setDefaultTuningTable                    0x0800987d   Thumb Code   216  tuner.o(i.setDefaultTuningTable)
    setPortDirect                            0x0800996d   Thumb Code    14  platform.o(i.setPortDirect)
    setPortNormal                            0x0800997b   Thumb Code    14  platform.o(i.setPortNormal)
    spiInitialize                            0x080099d9   Thumb Code    14  spi_driver.o(i.spiInitialize)
    spiSelect                                0x080099ed   Thumb Code    12  spi_driver.o(i.spiSelect)
    spiTxRx                                  0x080099f9   Thumb Code    70  spi_driver.o(i.spiTxRx)
    spiUnselect                              0x08009a49   Thumb Code    12  spi_driver.o(i.spiUnselect)
    st25RU3993AntennaPower                   0x08009a55   Thumb Code   244  st25ru3993.o(i.st25RU3993AntennaPower)
    st25RU3993CommandContinuousAddress       0x08009b59   Thumb Code    76  st25ru3993.o(i.st25RU3993CommandContinuousAddress)
    st25RU3993ContinuousRead                 0x08009ba9   Thumb Code    50  st25ru3993.o(i.st25RU3993ContinuousRead)
    st25RU3993ContinuousWrite                0x08009be1   Thumb Code    64  st25ru3993.o(i.st25RU3993ContinuousWrite)
    st25RU3993EnterDirectMode                0x08009c25   Thumb Code    42  st25ru3993.o(i.st25RU3993EnterDirectMode)
    st25RU3993EnterPowerDownMode             0x08009c59   Thumb Code   174  st25ru3993.o(i.st25RU3993EnterPowerDownMode)
    st25RU3993EnterPowerNormalMode           0x08009d11   Thumb Code    32  st25ru3993.o(i.st25RU3993EnterPowerNormalMode)
    st25RU3993EnterPowerNormalRfMode         0x08009d31   Thumb Code    32  st25ru3993.o(i.st25RU3993EnterPowerNormalRfMode)
    st25RU3993EnterPowerStandbyMode          0x08009d51   Thumb Code    42  st25ru3993.o(i.st25RU3993EnterPowerStandbyMode)
    st25RU3993ExitDirectMode                 0x08009d81   Thumb Code    32  st25ru3993.o(i.st25RU3993ExitDirectMode)
    st25RU3993ExitPowerDownMode              0x08009da9   Thumb Code   198  st25ru3993.o(i.st25RU3993ExitPowerDownMode)
    st25RU3993ExitPowerNormalMode            0x08009e7d   Thumb Code     2  st25ru3993.o(i.st25RU3993ExitPowerNormalMode)
    st25RU3993ExitPowerNormalRfMode          0x08009e7f   Thumb Code     2  st25ru3993.o(i.st25RU3993ExitPowerNormalRfMode)
    st25RU3993ExitPowerStandbyMode           0x08009e81   Thumb Code    26  st25ru3993.o(i.st25RU3993ExitPowerStandbyMode)
    st25RU3993FifoRead                       0x08009e9d   Thumb Code    38  st25ru3993.o(i.st25RU3993FifoRead)
    st25RU3993GetADC                         0x08009ecd   Thumb Code    36  st25ru3993.o(i.st25RU3993GetADC)
    st25RU3993GetRSSI                        0x08009ef1   Thumb Code   208  st25ru3993.o(i.st25RU3993GetRSSI)
    st25RU3993GetRSSIMaxSensitive            0x08009fc1   Thumb Code   114  st25ru3993.o(i.st25RU3993GetRSSIMaxSensitive)
    st25RU3993GetReflectedPower              0x0800a033   Thumb Code   190  st25ru3993.o(i.st25RU3993GetReflectedPower)
    st25RU3993GetSensitivity                 0x0800a0f1   Thumb Code    82  st25ru3993.o(i.st25RU3993GetSensitivity)
    st25RU3993Initialize                     0x0800a145   Thumb Code   560  st25ru3993.o(i.st25RU3993Initialize)
    st25RU3993Isr                            0x0800a451   Thumb Code   148  st25ru3993.o(i.st25RU3993Isr)
    st25RU3993ReadChipVersion                0x0800a5a1   Thumb Code     6  st25ru3993.o(i.st25RU3993ReadChipVersion)
    st25RU3993ResetDoNotPreserveRegisters    0x0800a5a7   Thumb Code    50  st25ru3993.o(i.st25RU3993ResetDoNotPreserveRegisters)
    st25RU3993SetBaseFrequency               0x0800a5d9   Thumb Code    86  st25ru3993.o(i.st25RU3993SetBaseFrequency)
    st25RU3993SetSensitivity                 0x0800a635   Thumb Code   204  st25ru3993.o(i.st25RU3993SetSensitivity)
    st25RU3993SingleCommand                  0x0800a701   Thumb Code    36  st25ru3993.o(i.st25RU3993SingleCommand)
    st25RU3993SingleRead                     0x0800a729   Thumb Code    86  st25ru3993.o(i.st25RU3993SingleRead)
    st25RU3993SingleWrite                    0x0800a785   Thumb Code    70  st25ru3993.o(i.st25RU3993SingleWrite)
    st25RU3993TxRxGen2Bytes                  0x0800a7d1   Thumb Code   720  st25ru3993.o(i.st25RU3993TxRxGen2Bytes)
    st25RU3993WaitForResponse                0x0800aaad   Thumb Code    42  st25ru3993.o(i.st25RU3993WaitForResponse)
    st25RU3993WaitForResponseTimed           0x0800aadd   Thumb Code    44  st25ru3993.o(i.st25RU3993WaitForResponseTimed)
    st25RU3993WaitForStartup                 0x0800ab0d   Thumb Code    68  st25ru3993.o(i.st25RU3993WaitForStartup)
    tunerGetReflected                        0x0800aca3   Thumb Code    42  tuner.o(i.tunerGetReflected)
    tunerMultiHillClimb                      0x0800accd   Thumb Code   438  tuner.o(i.tunerMultiHillClimb)
    tunerOneHillClimb                        0x0800aea5   Thumb Code   646  tuner.o(i.tunerOneHillClimb)
    tunerSetCap                              0x0800b139   Thumb Code    32  tuner.o(i.tunerSetCap)
    tunerSetTuning                           0x0800b205   Thumb Code    38  tuner.o(i.tunerSetTuning)
    uartInitialize                           0x0800b2a9   Thumb Code    60  uart_driver.o(i.uartInitialize)
    uartRxNextPacket                         0x0800b2fd   Thumb Code    12  uart_driver.o(i.uartRxNextPacket)
    uartRxRead                               0x0800b311   Thumb Code   246  uart_driver.o(i.uartRxRead)
    uartStreamHasAnotherPacket               0x0800b419   Thumb Code     6  uart_stream_driver.o(i.uartStreamHasAnotherPacket)
    uartStreamInitialize                     0x0800b425   Thumb Code    12  uart_stream_driver.o(i.uartStreamInitialize)
    uartStreamPacketProcessed                0x0800b435   Thumb Code    12  uart_stream_driver.o(i.uartStreamPacketProcessed)
    uartStreamReady                          0x0800b445   Thumb Code     4  uart_stream_driver.o(i.uartStreamReady)
    uartStreamReceive                        0x0800b449   Thumb Code    20  uart_stream_driver.o(i.uartStreamReceive)
    uartStreamTransmit                       0x0800b461   Thumb Code    54  uart_stream_driver.o(i.uartStreamTransmit)
    uartStreamTransmitBuffer                 0x0800b4a5   Thumb Code     4  uart_stream_driver.o(i.uartStreamTransmitBuffer)
    uartTxBufferDirect                       0x0800b4a9   Thumb Code    76  uart_driver.o(i.uartTxBufferDirect)
    uartTxNBytes                             0x0800b501   Thumb Code    42  uart_driver.o(i.uartTxNBytes)
    uartTxNextPacket                         0x0800b535   Thumb Code    52  uart_driver.o(i.uartTxNextPacket)
    udelay                                   0x0800b579   Thumb Code    22  timer.o(i.udelay)
    uint32ToEbv                              0x0800b595   Thumb Code    90  global.o(i.uint32ToEbv)
    writeReadST25RU3993Isr                   0x0800b649   Thumb Code    70  st25ru3993.o(i.writeReadST25RU3993Isr)
    writeRegister                            0x0800b695   Thumb Code    78  appl_commands.o(i.writeRegister)
    crc16OffsetTable                         0x0800b85e   Data         512  crc.o(.constdata)
    AHBPrescTable                            0x0800c318   Data          16  system_stm32l4xx.o(.constdata)
    MSIRangeTable                            0x0800c328   Data          48  system_stm32l4xx.o(.constdata)
    APBPrescTable                            0x0800c358   Data           8  system_stm32l4xx.o(.constdata)
    Region$$Table$$Base                      0x0800c374   Number         0  anon$$obj.o(Region$$Table)
    Region$$Table$$Limit                     0x0800c394   Number         0  anon$$obj.o(Region$$Table)
    externalPA                               0x20000000   Data           1  appl_commands.o(.data)
    gen2qbegin                               0x20000001   Data           1  appl_commands.o(.data)
    usedAntenna                              0x20000002   Data           1  appl_commands.o(.data)
    profile                                  0x20000003   Data           1  appl_commands.o(.data)
    freqIndex                                0x20000004   Data           1  appl_commands.o(.data)
    adaptiveQ                                0x20000005   Data           1  appl_commands.o(.data)
    tuningStatus                             0x20000011   Data           1  appl_commands.o(.data)
    colCnt                                   0x20000020   Data           2  appl_commands.o(.data)
    emptySlotCnt                             0x20000022   Data           2  appl_commands.o(.data)
    preambleErr                              0x20000024   Data           2  appl_commands.o(.data)
    crcErr                                   0x20000026   Data           2  appl_commands.o(.data)
    collisions                               0x20000028   Data           2  appl_commands.o(.data)
    adc                                      0x20000046   Data           2  appl_commands.o(.data)
    readerInitStatus                         0x20000048   Data           2  appl_commands.o(.data)
    tagWrPos                                 0x20000050   Data           4  appl_commands.o(.data)
    tagRdPos                                 0x20000054   Data           4  appl_commands.o(.data)
    selectedTag                              0x20000058   Data           4  appl_commands.o(.data)
    call_fkt                                 0x20000064   Data         256  appl_commands_table.o(.data)
    BtlMagicInfo                             0x2000016c   Data           4  bootloader.o(.data)
    lastErr                                  0x20000170   Data           1  gen2.o(.data)
    irqEnable                                0x20000178   Data           1  platform.o(.data)
    st25RU3993Response                       0x20000180   Data           2  st25ru3993.o(.data)
    rtcTimerMsValue                          0x20000190   Data           2  timer.o(.data)
    rxTid                                    0x2000019d   Data           1  uart_driver.o(.data)
    txTid                                    0x2000019e   Data           1  uart_driver.o(.data)
    SystemCoreClock                          0x200001b4   Data           4  system_stm32l4xx.o(.data)
    uwTick                                   0x200001b8   Data           4  stm32l4xx_hal.o(.data)
    pFlash                                   0x200001bc   Data          32  stm32l4xx_hal_flash.o(.data)
    __microlib_freelist                      0x200001e0   Data           4  mvars.o(.data)
    __microlib_freelist_initialised          0x200001e4   Data           4  mvars.o(.data)
    hrtc                                     0x200001e8   Data          36  rtc.o(.bss)
    hspi1                                    0x2000020c   Data         100  spi.o(.bss)
    htim4                                    0x20000270   Data          64  tim.o(.bss)
    htim5                                    0x200002b0   Data          64  tim.o(.bss)
    htim16                                   0x200002f0   Data          64  tim.o(.bss)
    huart2                                   0x20000330   Data         120  usart.o(.bss)
    huart3                                   0x200003a8   Data         120  usart.o(.bss)
    hdma_usart2_tx                           0x20000420   Data          72  usart.o(.bss)
    hdma_usart2_rx                           0x20000468   Data          72  usart.o(.bss)
    hdma_usart3_tx                           0x200004b0   Data          72  usart.o(.bss)
    tags                                     0x200004f8   Data       38880  appl_commands.o(.bss)
    tmpTag                                   0x20009cd8   Data          60  appl_commands.o(.bss)
    frequencies                              0x20009d14   Data        1296  appl_commands.o(.bss)
    cmdBuffer                                0x2000a2b4   Data          16  appl_commands.o(.bss)
    loggerTxBuffer                           0x2000a35e   Data        4096  logger.o(.bss)
    loggerTxBufferDma                        0x2000b35e   Data        4096  logger.o(.bss)
    buffer_temp                              0x2000c35e   Data         256  spi_driver.o(.bss)
    tuningTable                              0x2000d58c   Data        2904  tuner.o(.bss)
    __heap_base                              0x200108e8   Data           0  startup_stm32l476xx.o(HEAP)
    __heap_limit                             0x20010ee8   Data           0  startup_stm32l476xx.o(HEAP)
    __initial_sp                             0x200114e8   Data           0  startup_stm32l476xx.o(STACK)



==============================================================================

Memory Map of the image

  Image Entry point : 0x08000189

  Load Region LR_IROM1 (Base: 0x08000000, Size: 0x0000c57c, Max: 0x00100000, ABSOLUTE, COMPRESSED[0x0000c460])

    Execution Region ER_IROM1 (Exec base: 0x08000000, Load base: 0x08000000, Size: 0x0000c394, Max: 0x00100000, ABSOLUTE)

    Exec Addr    Load Addr    Size         Type   Attr      Idx    E Section Name        Object

    0x08000000   0x08000000   0x00000188   Data   RO         2374    RESET               startup_stm32l476xx.o
    0x08000188   0x08000188   0x00000000   Code   RO         6286  * .ARM.Collect$$$$00000000  mc_w.l(entry.o)
    0x08000188   0x08000188   0x00000004   Code   RO         6605    .ARM.Collect$$$$00000001  mc_w.l(entry2.o)
    0x0800018c   0x0800018c   0x00000004   Code   RO         6608    .ARM.Collect$$$$00000004  mc_w.l(entry5.o)
    0x08000190   0x08000190   0x00000000   Code   RO         6610    .ARM.Collect$$$$00000008  mc_w.l(entry7b.o)
    0x08000190   0x08000190   0x00000000   Code   RO         6612    .ARM.Collect$$$$0000000A  mc_w.l(entry8b.o)
    0x08000190   0x08000190   0x00000008   Code   RO         6613    .ARM.Collect$$$$0000000B  mc_w.l(entry9a.o)
    0x08000198   0x08000198   0x00000000   Code   RO         6615    .ARM.Collect$$$$0000000D  mc_w.l(entry10a.o)
    0x08000198   0x08000198   0x00000000   Code   RO         6617    .ARM.Collect$$$$0000000F  mc_w.l(entry11a.o)
    0x08000198   0x08000198   0x00000004   Code   RO         6606    .ARM.Collect$$$$00002712  mc_w.l(entry2.o)
    0x0800019c   0x0800019c   0x00000024   Code   RO         2375    .text               startup_stm32l476xx.o
    0x080001c0   0x080001c0   0x00000068   Code   RO         6289    .text               mc_w.l(uldiv.o)
    0x08000228   0x08000228   0x00000024   Code   RO         6291    .text               mc_w.l(rand.o)
    0x0800024c   0x0800024c   0x00000024   Code   RO         6294    .text               mc_w.l(memcpya.o)
    0x08000270   0x08000270   0x00000024   Code   RO         6296    .text               mc_w.l(memseta.o)
    0x08000294   0x08000294   0x0000000e   Code   RO         6298    .text               mc_w.l(strlen.o)
    0x080002a2   0x080002a2   0x0000001a   Code   RO         6300    .text               mc_w.l(memcmp.o)
    0x080002bc   0x080002bc   0x0000007c   Code   RO         6593    .text               mf_w.l(fdiv.o)
    0x08000338   0x08000338   0x0000000a   Code   RO         6595    .text               mf_w.l(ffltui.o)
    0x08000342   0x08000342   0x0000001a   Code   RO         6597    .text               mf_w.l(dfltui.o)
    0x0800035c   0x0800035c   0x00000032   Code   RO         6599    .text               mf_w.l(dfixui.o)
    0x0800038e   0x0800038e   0x00000026   Code   RO         6601    .text               mf_w.l(f2d.o)
    0x080003b4   0x080003b4   0x00000030   Code   RO         6603    .text               mf_w.l(cdcmple.o)
    0x080003e4   0x080003e4   0x0000002c   Code   RO         6622    .text               mc_w.l(uidiv.o)
    0x08000410   0x08000410   0x0000001e   Code   RO         6624    .text               mc_w.l(llshl.o)
    0x0800042e   0x0800042e   0x00000020   Code   RO         6626    .text               mc_w.l(llushr.o)
    0x0800044e   0x0800044e   0x00000000   Code   RO         6630    .text               mc_w.l(iusefp.o)
    0x0800044e   0x0800044e   0x0000006e   Code   RO         6631    .text               mf_w.l(fepilogue.o)
    0x080004bc   0x080004bc   0x000000ba   Code   RO         6633    .text               mf_w.l(depilogue.o)
    0x08000576   0x08000576   0x0000015e   Code   RO         6635    .text               mf_w.l(dadd.o)
    0x080006d4   0x080006d4   0x000000ea   Code   RO         6637    .text               mf_w.l(dmul.o)
    0x080007be   0x080007be   0x000000de   Code   RO         6639    .text               mf_w.l(ddiv.o)
    0x0800089c   0x0800089c   0x00000088   Code   RO         6641    .text               mf_w.l(drnd.o)
    0x08000924   0x08000924   0x00000030   Code   RO         6643    .text               mf_w.l(dfixul.o)
    0x08000954   0x08000954   0x00000030   Code   RO         6645    .text               mf_w.l(cdrcmple.o)
    0x08000984   0x08000984   0x00000024   Code   RO         6647    .text               mc_w.l(init.o)
    0x080009a8   0x080009a8   0x00000024   Code   RO         6650    .text               mc_w.l(llsshr.o)
    0x080009cc   0x080009cc   0x00000056   Code   RO         6661    .text               mc_w.l(__dczerorl2.o)
    0x08000a22   0x08000a22   0x00000002   PAD
    0x08000a24   0x08000a24   0x0000000c   Code   RO          525    i.DMA1_Channel2_IRQHandler  stm32l4xx_it.o
    0x08000a30   0x08000a30   0x0000000c   Code   RO          526    i.DMA1_Channel6_IRQHandler  stm32l4xx_it.o
    0x08000a3c   0x08000a3c   0x0000000c   Code   RO          527    i.DMA1_Channel7_IRQHandler  stm32l4xx_it.o
    0x08000a48   0x08000a48   0x0000002e   Code   RO         5671    i.DMA_SetConfig     stm32l4xx_hal_dma.o
    0x08000a76   0x08000a76   0x00000008   Code   RO          528    i.EXTI9_5_IRQHandler  stm32l4xx_it.o
    0x08000a7e   0x08000a7e   0x00000002   PAD
    0x08000a80   0x08000a80   0x00000054   Code   RO         5494    i.FLASH_FlushCaches  stm32l4xx_hal_flash_ex.o
    0x08000ad4   0x08000ad4   0x00000028   Code   RO         5495    i.FLASH_MassErase   stm32l4xx_hal_flash_ex.o
    0x08000afc   0x08000afc   0x00000034   Code   RO         5500    i.FLASH_PageErase   stm32l4xx_hal_flash_ex.o
    0x08000b30   0x08000b30   0x00000018   Code   RO         5391    i.FLASH_Program_DoubleWord  stm32l4xx_hal_flash.o
    0x08000b48   0x08000b48   0x00000024   Code   RO         5392    i.FLASH_Program_Fast  stm32l4xx_hal_flash.o
    0x08000b6c   0x08000b6c   0x00000074   Code   RO         5393    i.FLASH_WaitForLastOperation  stm32l4xx_hal_flash.o
    0x08000be0   0x08000be0   0x0000003a   Code   RO         5672    i.HAL_DMA_Abort     stm32l4xx_hal_dma.o
    0x08000c1a   0x08000c1a   0x0000004e   Code   RO         5673    i.HAL_DMA_Abort_IT  stm32l4xx_hal_dma.o
    0x08000c68   0x08000c68   0x000000ba   Code   RO         5677    i.HAL_DMA_IRQHandler  stm32l4xx_hal_dma.o
    0x08000d22   0x08000d22   0x00000002   PAD
    0x08000d24   0x08000d24   0x000000e0   Code   RO         5678    i.HAL_DMA_Init      stm32l4xx_hal_dma.o
    0x08000e04   0x08000e04   0x00000070   Code   RO         5682    i.HAL_DMA_Start_IT  stm32l4xx_hal_dma.o
    0x08000e74   0x08000e74   0x0000001c   Code   RO         4437    i.HAL_Delay         stm32l4xx_hal.o
    0x08000e90   0x08000e90   0x000000ea   Code   RO         5501    i.HAL_FLASHEx_Erase  stm32l4xx_hal_flash_ex.o
    0x08000f7a   0x08000f7a   0x00000002   PAD
    0x08000f7c   0x08000f7c   0x00000014   Code   RO         5397    i.HAL_FLASH_Lock    stm32l4xx_hal_flash.o
    0x08000f90   0x08000f90   0x000000aa   Code   RO         5402    i.HAL_FLASH_Program  stm32l4xx_hal_flash.o
    0x0800103a   0x0800103a   0x00000002   PAD
    0x0800103c   0x0800103c   0x00000028   Code   RO         5404    i.HAL_FLASH_Unlock  stm32l4xx_hal_flash.o
    0x08001064   0x08001064   0x0000011a   Code   RO         5605    i.HAL_GPIO_DeInit   stm32l4xx_hal_gpio.o
    0x0800117e   0x0800117e   0x0000000c   Code   RO            4    i.HAL_GPIO_EXTI_Callback  main.o
    0x0800118a   0x0800118a   0x00000002   PAD
    0x0800118c   0x0800118c   0x00000018   Code   RO         5607    i.HAL_GPIO_EXTI_IRQHandler  stm32l4xx_hal_gpio.o
    0x080011a4   0x080011a4   0x000001d2   Code   RO         5608    i.HAL_GPIO_Init     stm32l4xx_hal_gpio.o
    0x08001376   0x08001376   0x0000000a   Code   RO         5610    i.HAL_GPIO_ReadPin  stm32l4xx_hal_gpio.o
    0x08001380   0x08001380   0x0000000a   Code   RO         5612    i.HAL_GPIO_WritePin  stm32l4xx_hal_gpio.o
    0x0800138a   0x0800138a   0x00000002   PAD
    0x0800138c   0x0800138c   0x0000000c   Code   RO         4441    i.HAL_GetTick       stm32l4xx_hal.o
    0x08001398   0x08001398   0x00000074   Code   RO         4010    i.HAL_HalfDuplex_Init  stm32l4xx_hal_uart.o
    0x0800140c   0x0800140c   0x00000010   Code   RO         4445    i.HAL_IncTick       stm32l4xx_hal.o
    0x0800141c   0x0800141c   0x00000024   Code   RO         4446    i.HAL_Init          stm32l4xx_hal.o
    0x08001440   0x08001440   0x00000028   Code   RO         4447    i.HAL_InitTick      stm32l4xx_hal.o
    0x08001468   0x08001468   0x00000080   Code   RO          607    i.HAL_MspInit       stm32l4xx_hal_msp.o
    0x080014e8   0x080014e8   0x00000016   Code   RO         6148    i.HAL_NVIC_DisableIRQ  stm32l4xx_hal_cortex.o
    0x080014fe   0x080014fe   0x00000016   Code   RO         6149    i.HAL_NVIC_EnableIRQ  stm32l4xx_hal_cortex.o
    0x08001514   0x08001514   0x00000040   Code   RO         6155    i.HAL_NVIC_SetPriority  stm32l4xx_hal_cortex.o
    0x08001554   0x08001554   0x00000024   Code   RO         6156    i.HAL_NVIC_SetPriorityGrouping  stm32l4xx_hal_cortex.o
    0x08001578   0x08001578   0x00000024   Code   RO         6157    i.HAL_NVIC_SystemReset  stm32l4xx_hal_cortex.o
    0x0800159c   0x0800159c   0x00000064   Code   RO         5899    i.HAL_PWREx_ControlVoltageScaling  stm32l4xx_hal_pwr_ex.o
    0x08001600   0x08001600   0x00000010   Code   RO         5930    i.HAL_PWREx_GetVoltageRange  stm32l4xx_hal_pwr_ex.o
    0x08001610   0x08001610   0x00000010   Code   RO         5791    i.HAL_PWR_EnableBkUpAccess  stm32l4xx_hal_pwr.o
    0x08001620   0x08001620   0x000003aa   Code   RO         5270    i.HAL_RCCEx_PeriphCLKConfig  stm32l4xx_hal_rcc_ex.o
    0x080019ca   0x080019ca   0x00000002   PAD
    0x080019cc   0x080019cc   0x00000120   Code   RO         5155    i.HAL_RCC_ClockConfig  stm32l4xx_hal_rcc.o
    0x08001aec   0x08001aec   0x0000000c   Code   RO         5159    i.HAL_RCC_GetHCLKFreq  stm32l4xx_hal_rcc.o
    0x08001af8   0x08001af8   0x00000020   Code   RO         5161    i.HAL_RCC_GetPCLK1Freq  stm32l4xx_hal_rcc.o
    0x08001b18   0x08001b18   0x00000020   Code   RO         5162    i.HAL_RCC_GetPCLK2Freq  stm32l4xx_hal_rcc.o
    0x08001b38   0x08001b38   0x000000c4   Code   RO         5163    i.HAL_RCC_GetSysClockFreq  stm32l4xx_hal_rcc.o
    0x08001bfc   0x08001bfc   0x0000045a   Code   RO         5166    i.HAL_RCC_OscConfig  stm32l4xx_hal_rcc.o
    0x08002056   0x08002056   0x00000002   Code   RO         2519    i.HAL_RTCEx_AlarmBEventCallback  stm32l4xx_hal_rtc_ex.o
    0x08002058   0x08002058   0x00000010   Code   RO            5    i.HAL_RTC_AlarmAEventCallback  main.o
    0x08002068   0x08002068   0x00000074   Code   RO         2383    i.HAL_RTC_AlarmIRQHandler  stm32l4xx_hal_rtc.o
    0x080020dc   0x080020dc   0x000000b8   Code   RO         2390    i.HAL_RTC_Init      stm32l4xx_hal_rtc.o
    0x08002194   0x08002194   0x00000034   Code   RO          334    i.HAL_RTC_MspInit   rtc.o
    0x080021c8   0x080021c8   0x000001a2   Code   RO         2395    i.HAL_RTC_SetAlarm_IT  stm32l4xx_hal_rtc.o
    0x0800236a   0x0800236a   0x00000002   PAD
    0x0800236c   0x0800236c   0x000000d8   Code   RO         2396    i.HAL_RTC_SetDate   stm32l4xx_hal_rtc.o
    0x08002444   0x08002444   0x000000f8   Code   RO         2397    i.HAL_RTC_SetTime   stm32l4xx_hal_rtc.o
    0x0800253c   0x0800253c   0x00000034   Code   RO         2398    i.HAL_RTC_WaitForSynchro  stm32l4xx_hal_rtc.o
    0x08002570   0x08002570   0x00000160   Code   RO         2759    i.HAL_SPI_Abort     stm32l4xx_hal_spi.o
    0x080026d0   0x080026d0   0x00000006   Code   RO         2768    i.HAL_SPI_GetState  stm32l4xx_hal_spi.o
    0x080026d6   0x080026d6   0x000000ac   Code   RO         2770    i.HAL_SPI_Init      stm32l4xx_hal_spi.o
    0x08002782   0x08002782   0x00000002   PAD
    0x08002784   0x08002784   0x00000028   Code   RO          375    i.HAL_SPI_MspDeInit  spi.o
    0x080027ac   0x080027ac   0x00000048   Code   RO          376    i.HAL_SPI_MspInit   spi.o
    0x080027f4   0x080027f4   0x00000230   Code   RO         2779    i.HAL_SPI_TransmitReceive  stm32l4xx_hal_spi.o
    0x08002a24   0x08002a24   0x00000018   Code   RO         6158    i.HAL_SYSTICK_CLKSourceConfig  stm32l4xx_hal_cortex.o
    0x08002a3c   0x08002a3c   0x00000002   Code   RO         6159    i.HAL_SYSTICK_Callback  stm32l4xx_hal_cortex.o
    0x08002a3e   0x08002a3e   0x00000028   Code   RO         6160    i.HAL_SYSTICK_Config  stm32l4xx_hal_cortex.o
    0x08002a66   0x08002a66   0x00000008   Code   RO         6161    i.HAL_SYSTICK_IRQHandler  stm32l4xx_hal_cortex.o
    0x08002a6e   0x08002a6e   0x00000002   Code   RO         3751    i.HAL_TIMEx_Break2Callback  stm32l4xx_hal_tim_ex.o
    0x08002a70   0x08002a70   0x00000002   Code   RO         3752    i.HAL_TIMEx_BreakCallback  stm32l4xx_hal_tim_ex.o
    0x08002a72   0x08002a72   0x00000002   Code   RO         3753    i.HAL_TIMEx_CommutationCallback  stm32l4xx_hal_tim_ex.o
    0x08002a74   0x08002a74   0x00000060   Code   RO         3771    i.HAL_TIMEx_MasterConfigSynchronization  stm32l4xx_hal_tim_ex.o
    0x08002ad4   0x08002ad4   0x00000036   Code   RO         3112    i.HAL_TIM_Base_Init  stm32l4xx_hal_tim.o
    0x08002b0a   0x08002b0a   0x00000002   PAD
    0x08002b0c   0x08002b0c   0x0000007c   Code   RO          424    i.HAL_TIM_Base_MspInit  tim.o
    0x08002b88   0x08002b88   0x00000030   Code   RO         3117    i.HAL_TIM_Base_Start_IT  stm32l4xx_hal_tim.o
    0x08002bb8   0x08002bb8   0x0000002a   Code   RO         3120    i.HAL_TIM_Base_Stop_IT  stm32l4xx_hal_tim.o
    0x08002be2   0x08002be2   0x00000002   PAD
    0x08002be4   0x08002be4   0x000000e8   Code   RO         3121    i.HAL_TIM_ConfigClockSource  stm32l4xx_hal_tim.o
    0x08002ccc   0x08002ccc   0x00000002   Code   RO         3141    i.HAL_TIM_IC_CaptureCallback  stm32l4xx_hal_tim.o
    0x08002cce   0x08002cce   0x00000184   Code   RO         3154    i.HAL_TIM_IRQHandler  stm32l4xx_hal_tim.o
    0x08002e52   0x08002e52   0x00000002   Code   RO         3157    i.HAL_TIM_OC_DelayElapsedCallback  stm32l4xx_hal_tim.o
    0x08002e54   0x08002e54   0x00000002   Code   RO         3184    i.HAL_TIM_PWM_PulseFinishedCallback  stm32l4xx_hal_tim.o
    0x08002e56   0x08002e56   0x00000002   PAD
    0x08002e58   0x08002e58   0x00000010   Code   RO            7    i.HAL_TIM_PeriodElapsedCallback  main.o
    0x08002e68   0x08002e68   0x00000002   Code   RO         3195    i.HAL_TIM_TriggerCallback  stm32l4xx_hal_tim.o
    0x08002e6a   0x08002e6a   0x00000002   Code   RO         4371    i.HAL_UARTEx_WakeupCallback  stm32l4xx_hal_uart_ex.o
    0x08002e6c   0x08002e6c   0x00000002   Code   RO         4030    i.HAL_UART_ErrorCallback  stm32l4xx_hal_uart.o
    0x08002e6e   0x08002e6e   0x0000000a   Code   RO         4032    i.HAL_UART_GetState  stm32l4xx_hal_uart.o
    0x08002e78   0x08002e78   0x00000144   Code   RO         4033    i.HAL_UART_IRQHandler  stm32l4xx_hal_uart.o
    0x08002fbc   0x08002fbc   0x0000006a   Code   RO         4034    i.HAL_UART_Init     stm32l4xx_hal_uart.o
    0x08003026   0x08003026   0x00000002   PAD
    0x08003028   0x08003028   0x00000158   Code   RO          478    i.HAL_UART_MspInit  usart.o
    0x08003180   0x08003180   0x00000094   Code   RO         4038    i.HAL_UART_Receive_DMA  stm32l4xx_hal_uart.o
    0x08003214   0x08003214   0x00000002   Code   RO         4040    i.HAL_UART_RxCpltCallback  stm32l4xx_hal_uart.o
    0x08003216   0x08003216   0x00000002   Code   RO         4041    i.HAL_UART_RxHalfCpltCallback  stm32l4xx_hal_uart.o
    0x08003218   0x08003218   0x00000088   Code   RO         4043    i.HAL_UART_Transmit_DMA  stm32l4xx_hal_uart.o
    0x080032a0   0x080032a0   0x00000002   Code   RO            8    i.HAL_UART_TxCpltCallback  main.o
    0x080032a2   0x080032a2   0x00000002   Code   RO            9    i.HAL_UART_TxHalfCpltCallback  main.o
    0x080032a4   0x080032a4   0x0000004c   Code   RO          309    i.MX_DMA_Init       dma.o
    0x080032f0   0x080032f0   0x00000142   Code   RO          273    i.MX_GPIO_Init      gpio.o
    0x08003432   0x08003432   0x00000060   Code   RO          274    i.MX_GPIO_InitDirectMode  gpio.o
    0x08003492   0x08003492   0x00000002   PAD
    0x08003494   0x08003494   0x0000009c   Code   RO          275    i.MX_GPIO_InitNormalMode  gpio.o
    0x08003530   0x08003530   0x000000d0   Code   RO          335    i.MX_RTC_Init       rtc.o
    0x08003600   0x08003600   0x0000000c   Code   RO          377    i.MX_SPI1_DeInit    spi.o
    0x0800360c   0x0800360c   0x00000064   Code   RO          378    i.MX_SPI1_Init      spi.o
    0x08003670   0x08003670   0x0000004c   Code   RO          425    i.MX_TIM16_Init     tim.o
    0x080036bc   0x080036bc   0x00000078   Code   RO          426    i.MX_TIM4_Init      tim.o
    0x08003734   0x08003734   0x00000074   Code   RO          427    i.MX_TIM5_Init      tim.o
    0x080037a8   0x080037a8   0x00000050   Code   RO          479    i.MX_USART2_UART_Init  usart.o
    0x080037f8   0x080037f8   0x00000050   Code   RO          480    i.MX_USART3_UART_Init  usart.o
    0x08003848   0x08003848   0x00000020   Code   RO         6162    i.NVIC_SetPriority  stm32l4xx_hal_cortex.o
    0x08003868   0x08003868   0x00000020   Code   RO         1908    i.ProcessIO         stream_dispatcher.o
    0x08003888   0x08003888   0x0000012c   Code   RO         5273    i.RCCEx_PLLSAI1_Config  stm32l4xx_hal_rcc_ex.o
    0x080039b4   0x080039b4   0x0000010c   Code   RO         5274    i.RCCEx_PLLSAI2_Config  stm32l4xx_hal_rcc_ex.o
    0x08003ac0   0x08003ac0   0x0000007c   Code   RO         5167    i.RCC_SetFlashLatencyFromMSIRange  stm32l4xx_hal_rcc.o
    0x08003b3c   0x08003b3c   0x0000000c   Code   RO          529    i.RTC_Alarm_IRQHandler  stm32l4xx_it.o
    0x08003b48   0x08003b48   0x00000012   Code   RO         2399    i.RTC_Bcd2ToByte    stm32l4xx_hal_rtc.o
    0x08003b5a   0x08003b5a   0x00000016   Code   RO         2400    i.RTC_ByteToBcd2    stm32l4xx_hal_rtc.o
    0x08003b70   0x08003b70   0x00000038   Code   RO         2401    i.RTC_EnterInitMode  stm32l4xx_hal_rtc.o
    0x08003ba8   0x08003ba8   0x00000080   Code   RO         2792    i.SPI_AbortRx_ISR   stm32l4xx_hal_spi.o
    0x08003c28   0x08003c28   0x0000007c   Code   RO         2793    i.SPI_AbortTx_ISR   stm32l4xx_hal_spi.o
    0x08003ca4   0x08003ca4   0x00000048   Code   RO         2808    i.SPI_EndRxTxTransaction  stm32l4xx_hal_spi.o
    0x08003cec   0x08003cec   0x0000009e   Code   RO         2813    i.SPI_WaitFifoStateUntilTimeout  stm32l4xx_hal_spi.o
    0x08003d8a   0x08003d8a   0x00000094   Code   RO         2814    i.SPI_WaitFlagStateUntilTimeout  stm32l4xx_hal_spi.o
    0x08003e1e   0x08003e1e   0x00000002   PAD
    0x08003e20   0x08003e20   0x00000010   Code   RO         1910    i.StreamDispatcherGetLastError  stream_dispatcher.o
    0x08003e30   0x08003e30   0x00000018   Code   RO         1911    i.StreamDispatcherInit  stream_dispatcher.o
    0x08003e48   0x08003e48   0x0000000e   Code   RO          530    i.SysTick_Handler   stm32l4xx_it.o
    0x08003e56   0x08003e56   0x00000002   PAD
    0x08003e58   0x08003e58   0x000000ac   Code   RO           10    i.SystemClock_Config  main.o
    0x08003f04   0x08003f04   0x00000038   Code   RO         2338    i.SystemInit        system_stm32l4xx.o
    0x08003f3c   0x08003f3c   0x0000000c   Code   RO          531    i.TIM4_IRQHandler   stm32l4xx_it.o
    0x08003f48   0x08003f48   0x0000000c   Code   RO          532    i.TIM5_IRQHandler   stm32l4xx_it.o
    0x08003f54   0x08003f54   0x000000c0   Code   RO         3196    i.TIM_Base_SetConfig  stm32l4xx_hal_tim.o
    0x08004014   0x08004014   0x00000014   Code   RO         3203    i.TIM_ETR_SetConfig  stm32l4xx_hal_tim.o
    0x08004028   0x08004028   0x00000010   Code   RO         3204    i.TIM_ITRx_SetConfig  stm32l4xx_hal_tim.o
    0x08004038   0x08004038   0x00000022   Code   RO         3212    i.TIM_TI1_ConfigInputStage  stm32l4xx_hal_tim.o
    0x0800405a   0x0800405a   0x00000024   Code   RO         3214    i.TIM_TI2_ConfigInputStage  stm32l4xx_hal_tim.o
    0x0800407e   0x0800407e   0x000000c8   Code   RO         4047    i.UART_AdvFeatureConfig  stm32l4xx_hal_uart.o
    0x08004146   0x08004146   0x0000005c   Code   RO         4048    i.UART_CheckIdleState  stm32l4xx_hal_uart.o
    0x080041a2   0x080041a2   0x00000014   Code   RO         4049    i.UART_DMAAbortOnError  stm32l4xx_hal_uart.o
    0x080041b6   0x080041b6   0x0000004a   Code   RO         4050    i.UART_DMAError     stm32l4xx_hal_uart.o
    0x08004200   0x08004200   0x0000003e   Code   RO         4051    i.UART_DMAReceiveCplt  stm32l4xx_hal_uart.o
    0x0800423e   0x0800423e   0x0000000a   Code   RO         4053    i.UART_DMARxHalfCplt  stm32l4xx_hal_uart.o
    0x08004248   0x08004248   0x00000030   Code   RO         4055    i.UART_DMATransmitCplt  stm32l4xx_hal_uart.o
    0x08004278   0x08004278   0x0000000a   Code   RO         4057    i.UART_DMATxHalfCplt  stm32l4xx_hal_uart.o
    0x08004282   0x08004282   0x00000020   Code   RO         4059    i.UART_EndRxTransfer  stm32l4xx_hal_uart.o
    0x080042a2   0x080042a2   0x00000012   Code   RO         4060    i.UART_EndTxTransfer  stm32l4xx_hal_uart.o
    0x080042b4   0x080042b4   0x000002bc   Code   RO         4063    i.UART_SetConfig    stm32l4xx_hal_uart.o
    0x08004570   0x08004570   0x00000062   Code   RO         4066    i.UART_WaitOnFlagUntilTimeout  stm32l4xx_hal_uart.o
    0x080045d2   0x080045d2   0x00000002   PAD
    0x080045d4   0x080045d4   0x0000000c   Code   RO          533    i.USART2_IRQHandler  stm32l4xx_it.o
    0x080045e0   0x080045e0   0x0000000c   Code   RO          534    i.USART3_IRQHandler  stm32l4xx_it.o
    0x080045ec   0x080045ec   0x00000002   Code   RO           11    i._Error_Handler    main.o
    0x080045ee   0x080045ee   0x00000002   PAD
    0x080045f0   0x080045f0   0x00000030   Code   RO         6538    i.__0snprintf       mc_w.l(printfa.o)
    0x08004620   0x08004620   0x0000002c   Code   RO         6542    i.__0vsnprintf      mc_w.l(printfa.o)
    0x0800464c   0x0800464c   0x0000000e   Code   RO         6655    i.__scatterload_copy  mc_w.l(handlers.o)
    0x0800465a   0x0800465a   0x00000002   Code   RO         6656    i.__scatterload_null  mc_w.l(handlers.o)
    0x0800465c   0x0800465c   0x0000000e   Code   RO         6657    i.__scatterload_zeroinit  mc_w.l(handlers.o)
    0x0800466a   0x0800466a   0x00000002   PAD
    0x0800466c   0x0800466c   0x0000018a   Code   RO         6544    i._fp_digits        mc_w.l(printfa.o)
    0x080047f6   0x080047f6   0x00000002   PAD
    0x080047f8   0x080047f8   0x000006e2   Code   RO         6545    i._printf_core      mc_w.l(printfa.o)
    0x08004eda   0x08004eda   0x00000024   Code   RO         6546    i._printf_post_padding  mc_w.l(printfa.o)
    0x08004efe   0x08004efe   0x0000002e   Code   RO         6547    i._printf_pre_padding  mc_w.l(printfa.o)
    0x08004f2c   0x08004f2c   0x00000016   Code   RO         6548    i._snputc           mc_w.l(printfa.o)
    0x08004f42   0x08004f42   0x00000002   PAD
    0x08004f44   0x08004f44   0x000000e4   Code   RO          631    i.addToTuningTable  appl_commands.o
    0x08005028   0x08005028   0x000000a8   Code   RO          632    i.antennaPower      appl_commands.o
    0x080050d0   0x080050d0   0x0000005c   Code   RO          633    i.applyTunerSettingForFreq  appl_commands.o
    0x0800512c   0x0800512c   0x00000028   Code   RO         1080    i.bbRun             bitbang.o
    0x08005154   0x08005154   0x00000010   Code   RO         1081    i.bbSetup           bitbang.o
    0x08005164   0x08005164   0x00000050   Code   RO         1082    i.bitbangIsr        bitbang.o
    0x080051b4   0x080051b4   0x0000000c   Code   RO         1961    i.bitbangTimerStart  timer.o
    0x080051c0   0x080051c0   0x0000000c   Code   RO         1962    i.bitbangTimerStop  timer.o
    0x080051cc   0x080051cc   0x00000048   Code   RO         1118    i.bootloaderCheck   bootloader.o
    0x08005214   0x08005214   0x00000020   Code   RO         1119    i.bootloaderEnterAndReset  bootloader.o
    0x08005234   0x08005234   0x00000030   Code   RO         1152    i.calcCrc16         crc.o
    0x08005264   0x08005264   0x00000004   Code   RO          634    i.callAntennaPower  appl_commands.o
    0x08005268   0x08005268   0x00000004   Code   RO          635    i.callChangeFreq    appl_commands.o
    0x0800526c   0x0800526c   0x0000000c   Code   RO          636    i.callConfigGb29768  appl_commands.o
    0x08005278   0x08005278   0x000000c8   Code   RO          637    i.callConfigGen2    appl_commands.o
    0x08005340   0x08005340   0x00000084   Code   RO          638    i.callConfigPA      appl_commands.o
    0x080053c4   0x080053c4   0x00000038   Code   RO          639    i.callConfigTxRx    appl_commands.o
    0x080053fc   0x080053fc   0x0000000e   Code   RO          640    i.callEraseTag      appl_commands.o
    0x0800540a   0x0800540a   0x00000010   Code   RO          641    i.callGenericCommand  appl_commands.o
    0x0800541a   0x0800541a   0x00000002   PAD
    0x0800541c   0x0800541c   0x0000013c   Code   RO          642    i.callGetSetTuning  appl_commands.o
    0x08005558   0x08005558   0x000000a0   Code   RO          643    i.callInventory6B   appl_commands.o
    0x080055f8   0x080055f8   0x000001f8   Code   RO          644    i.callInventoryData  appl_commands.o
    0x080057f0   0x080057f0   0x000000c8   Code   RO          645    i.callInventoryParams  appl_commands.o
    0x080058b8   0x080058b8   0x00000018   Code   RO          646    i.callKillTag       appl_commands.o
    0x080058d0   0x080058d0   0x00000018   Code   RO          647    i.callLockUnlockTag  appl_commands.o
    0x080058e8   0x080058e8   0x00000014   Code   RO          648    i.callRSSIMeasureCMD  appl_commands.o
    0x080058fc   0x080058fc   0x00000018   Code   RO          649    i.callReadFromTag   appl_commands.o
    0x08005914   0x08005914   0x00000054   Code   RO          650    i.callReadFromTag6B  appl_commands.o
    0x08005968   0x08005968   0x00000004   Code   RO          651    i.callReaderConfig  appl_commands.o
    0x0800596c   0x0800596c   0x00000018   Code   RO          652    i.callSelectTag     appl_commands.o
    0x08005984   0x08005984   0x00000084   Code   RO          653    i.callStartStop     appl_commands.o
    0x08005a08   0x08005a08   0x0000008c   Code   RO          654    i.callTunerTable    appl_commands.o
    0x08005a94   0x08005a94   0x00000012   Code   RO          655    i.callTuning        appl_commands.o
    0x08005aa6   0x08005aa6   0x00000018   Code   RO          656    i.callWriteToTag    appl_commands.o
    0x08005abe   0x08005abe   0x00000002   PAD
    0x08005ac0   0x08005ac0   0x00000054   Code   RO          657    i.callWriteToTag6B  appl_commands.o
    0x08005b14   0x08005b14   0x0000000c   Code   RO          658    i.callWrongCommand  appl_commands.o
    0x08005b20   0x08005b20   0x00000058   Code   RO          659    i.cbGen2TagFound    appl_commands.o
    0x08005b78   0x08005b78   0x000000dc   Code   RO         6277    i.ceil              m_ws.l(ceil.o)
    0x08005c54   0x08005c54   0x00000418   Code   RO          660    i.changeFreq        appl_commands.o
    0x0800606c   0x0800606c   0x00000040   Code   RO          661    i.checkAndSetSession  appl_commands.o
    0x080060ac   0x080060ac   0x00000054   Code   RO         2078    i.clearFlashPage    tuner.o
    0x08006100   0x08006100   0x00000050   Code   RO          662    i.commands          appl_commands.o
    0x08006150   0x08006150   0x00000028   Code   RO          663    i.continueCheckTimeout  appl_commands.o
    0x08006178   0x08006178   0x0000009e   Code   RO          665    i.decreaseSensitivity  appl_commands.o
    0x08006216   0x08006216   0x00000002   PAD
    0x08006218   0x08006218   0x0000001c   Code   RO         1965    i.delayInitialize   timer.o
    0x08006234   0x08006234   0x0000011e   Code   RO         2079    i.detectFalsePositive  tuner.o
    0x08006352   0x08006352   0x00000024   Code   RO         2080    i.detectReflectedPowerChange  tuner.o
    0x08006376   0x08006376   0x00000002   PAD
    0x08006378   0x08006378   0x00000060   Code   RO          666    i.doContinuousModulation  appl_commands.o
    0x080063d8   0x080063d8   0x00000068   Code   RO          667    i.doCyclicInventory  appl_commands.o
    0x08006440   0x08006440   0x00000018   Code   RO          668    i.doSaveTuningTable  appl_commands.o
    0x08006458   0x08006458   0x00000050   Code   RO          669    i.etsiModeContinuousModulation  appl_commands.o
    0x080064a8   0x080064a8   0x00000068   Code   RO          670    i.executeRSSICMD    appl_commands.o
    0x08006510   0x08006510   0x00000058   Code   RO         1182    i.flashErasePage    flash_access.o
    0x08006568   0x08006568   0x0000002c   Code   RO         1183    i.flashProgram64Bit  flash_access.o
    0x08006594   0x08006594   0x000000dc   Code   RO         6281    i.floor             m_ws.l(floor.o)
    0x08006670   0x08006670   0x00000050   Code   RO         6565    i.free              mc_w.l(malloc.o)
    0x080066c0   0x080066c0   0x000000a8   Code   RO         1212    i.gen2AccessTag     gen2.o
    0x08006768   0x08006768   0x00000002   Code   RO         1213    i.gen2Close         gen2.o
    0x0800676a   0x0800676a   0x00000002   PAD
    0x0800676c   0x0800676c   0x000002a2   Code   RO         1214    i.gen2Configure     gen2.o
    0x08006a0e   0x08006a0e   0x00000002   PAD
    0x08006a10   0x08006a10   0x00000010   Code   RO         1215    i.gen2ConfigureSkipRegAccess  gen2.o
    0x08006a20   0x08006a20   0x0000001e   Code   RO         1216    i.gen2GetAgcRssiLog  gen2.o
    0x08006a3e   0x08006a3e   0x00000040   Code   RO         1217    i.gen2GetRssiLin    gen2.o
    0x08006a7e   0x08006a7e   0x00000022   Code   RO         1218    i.gen2InsertEBV     gen2.o
    0x08006aa0   0x08006aa0   0x000000fe   Code   RO         1219    i.gen2KillTag       gen2.o
    0x08006b9e   0x08006b9e   0x00000002   PAD
    0x08006ba0   0x08006ba0   0x0000008c   Code   RO         1220    i.gen2LockTag       gen2.o
    0x08006c2c   0x08006c2c   0x00000004   Code   RO         1221    i.gen2Open          gen2.o
    0x08006c30   0x08006c30   0x00000048   Code   RO         1222    i.gen2PrepareQueryCmd  gen2.o
    0x08006c78   0x08006c78   0x000000a2   Code   RO         1225    i.gen2QueryMeasureRSSI  gen2.o
    0x08006d1a   0x08006d1a   0x00000002   PAD
    0x08006d1c   0x08006d1c   0x00000080   Code   RO         1226    i.gen2ReadFromTag   gen2.o
    0x08006d9c   0x08006d9c   0x00000096   Code   RO          671    i.gen2ReadTID       appl_commands.o
    0x08006e32   0x08006e32   0x00000002   PAD
    0x08006e34   0x08006e34   0x00000050   Code   RO         1227    i.gen2ReqRNHandleChar  gen2.o
    0x08006e84   0x08006e84   0x0000037a   Code   RO         1228    i.gen2SearchForTags  gen2.o
    0x080071fe   0x080071fe   0x00000002   PAD
    0x08007200   0x08007200   0x00000124   Code   RO         1229    i.gen2Select        gen2.o
    0x08007324   0x08007324   0x000001da   Code   RO         1230    i.gen2Slot          gen2.o
    0x080074fe   0x080074fe   0x00000002   PAD
    0x08007500   0x08007500   0x000001a2   Code   RO         1231    i.gen2SlotAutoAck   gen2.o
    0x080076a2   0x080076a2   0x00000002   PAD
    0x080076a4   0x080076a4   0x000000d0   Code   RO         1232    i.gen2WriteWordToTag  gen2.o
    0x08007774   0x08007774   0x0000013e   Code   RO          672    i.genericCommand    appl_commands.o
    0x080078b2   0x080078b2   0x00000002   PAD
    0x080078b4   0x080078b4   0x00000008   Code   RO         1233    i.getGen2IntConfig  gen2.o
    0x080078bc   0x080078bc   0x00000050   Code   RO          673    i.getTuningIndexFromFreq  appl_commands.o
    0x0800790c   0x0800790c   0x00000014   Code   RO          674    i.hopChannelRelease  appl_commands.o
    0x08007920   0x08007920   0x000002b2   Code   RO          675    i.hopFrequencies    appl_commands.o
    0x08007bd2   0x08007bd2   0x00000096   Code   RO          676    i.increaseSensitivity  appl_commands.o
    0x08007c68   0x08007c68   0x00000060   Code   RO          677    i.initCommands      appl_commands.o
    0x08007cc8   0x08007cc8   0x00000398   Code   RO         2081    i.initializeFrequencies  tuner.o
    0x08008060   0x08008060   0x00000062   Code   RO         1358    i.insertBitStream   global.o
    0x080080c2   0x080080c2   0x00000002   PAD
    0x080080c4   0x080080c4   0x000002ce   Code   RO          678    i.inventoryGen2     appl_commands.o
    0x08008392   0x08008392   0x00000002   PAD
    0x08008394   0x08008394   0x00000020   Code   RO         1385    i.iso6bClose        iso6b.o
    0x080083b4   0x080083b4   0x000001be   Code   RO         1387    i.iso6bInventoryRound  iso6b.o
    0x08008572   0x08008572   0x00000002   PAD
    0x08008574   0x08008574   0x00000064   Code   RO         1388    i.iso6bOpen         iso6b.o
    0x080085d8   0x080085d8   0x0000009a   Code   RO         1389    i.iso6bPrepareByte  iso6b.o
    0x08008672   0x08008672   0x0000001a   Code   RO         1390    i.iso6bPrepareCRC   iso6b.o
    0x0800868c   0x0800868c   0x0000001e   Code   RO         1391    i.iso6bPreparePreambleDelimiter  iso6b.o
    0x080086aa   0x080086aa   0x00000002   PAD
    0x080086ac   0x080086ac   0x0000010a   Code   RO         1392    i.iso6bRead         iso6b.o
    0x080087b6   0x080087b6   0x00000002   PAD
    0x080087b8   0x080087b8   0x00000060   Code   RO         1393    i.iso6bSendCmd      iso6b.o
    0x08008818   0x08008818   0x00000006   Code   RO         1394    i.iso6bSendFail     iso6b.o
    0x0800881e   0x0800881e   0x00000006   Code   RO         1395    i.iso6bSendResend   iso6b.o
    0x08008824   0x08008824   0x00000096   Code   RO         1396    i.iso6bSendSelect   iso6b.o
    0x080088ba   0x080088ba   0x00000006   Code   RO         1397    i.iso6bSendSuccess  iso6b.o
    0x080088c0   0x080088c0   0x0000011e   Code   RO         1398    i.iso6bWrite        iso6b.o
    0x080089de   0x080089de   0x00000002   PAD
    0x080089e0   0x080089e0   0x00000054   Code   RO          679    i.killTagGen2       appl_commands.o
    0x08008a34   0x08008a34   0x00000002   Code   RO         1971    i.ledTimerStart     timer.o
    0x08008a36   0x08008a36   0x00000002   PAD
    0x08008a38   0x08008a38   0x000000fc   Code   RO         2082    i.loadTuningTablesFromFlash  tuner.o
    0x08008b34   0x08008b34   0x00000068   Code   RO          680    i.lockUnlockTagGen2  appl_commands.o
    0x08008b9c   0x08008b9c   0x0000002c   Code   RO         1484    i.loggerInitialize  logger.o
    0x08008bc8   0x08008bc8   0x000000a4   Code   RO         1485    i.loggerTx          logger.o
    0x08008c6c   0x08008c6c   0x0000004c   Code   RO         1486    i.loggerTxFlush     logger.o
    0x08008cb8   0x08008cb8   0x00000094   Code   RO           12    i.main              main.o
    0x08008d4c   0x08008d4c   0x0000006c   Code   RO         6566    i.malloc            mc_w.l(malloc.o)
    0x08008db8   0x08008db8   0x00000034   Code   RO          681    i.performSelectsGen2  appl_commands.o
    0x08008dec   0x08008dec   0x0000004c   Code   RO         1550    i.platformInit      platform.o
    0x08008e38   0x08008e38   0x00000084   Code   RO          682    i.powerAndSelectTagGen2  appl_commands.o
    0x08008ebc   0x08008ebc   0x00000028   Code   RO          683    i.powerDownReader   appl_commands.o
    0x08008ee4   0x08008ee4   0x00000028   Code   RO          684    i.powerUpReader     appl_commands.o
    0x08008f0c   0x08008f0c   0x00000186   Code   RO         1912    i.processReceivedPackets  stream_dispatcher.o
    0x08009092   0x08009092   0x00000002   PAD
    0x08009094   0x08009094   0x00000070   Code   RO          685    i.pseudoRandomContinuousModulation  appl_commands.o
    0x08009104   0x08009104   0x000000c4   Code   RO         2083    i.randomizeFrequencies  tuner.o
    0x080091c8   0x080091c8   0x00000116   Code   RO          686    i.readFromTagGen2   appl_commands.o
    0x080092de   0x080092de   0x0000002c   Code   RO          687    i.readRegister      appl_commands.o
    0x0800930a   0x0800930a   0x0000005c   Code   RO          688    i.readRegisters     appl_commands.o
    0x08009366   0x08009366   0x0000000a   Code   RO         1359    i.readU32FromLittleEndianBuffer  global.o
    0x08009370   0x08009370   0x0000006c   Code   RO          689    i.readerConfig      appl_commands.o
    0x080093dc   0x080093dc   0x00000190   Code   RO         2084    i.reduceTxWhenFalsePositive  tuner.o
    0x0800956c   0x0800956c   0x0000007c   Code   RO          690    i.reflectedPowerTooHigh  appl_commands.o
    0x080095e8   0x080095e8   0x00000090   Code   RO         2085    i.replaceTuningTable  tuner.o
    0x08009678   0x08009678   0x0000000c   Code   RO          691    i.resetTunedFrequencies  appl_commands.o
    0x08009684   0x08009684   0x00000094   Code   RO         6284    i.round             m_ws.l(round.o)
    0x08009718   0x08009718   0x0000000c   Code   RO         1974    i.rtcTimerReset     timer.o
    0x08009724   0x08009724   0x0000000c   Code   RO         1975    i.rtcTimerValue     timer.o
    0x08009730   0x08009730   0x00000090   Code   RO         2086    i.saveTuningTableToFlash  tuner.o
    0x080097c0   0x080097c0   0x000000bc   Code   RO          692    i.selectTagGen2     appl_commands.o
    0x0800987c   0x0800987c   0x000000f0   Code   RO         2087    i.setDefaultTuningTable  tuner.o
    0x0800996c   0x0800996c   0x0000000e   Code   RO         1551    i.setPortDirect     platform.o
    0x0800997a   0x0800997a   0x0000000e   Code   RO         1552    i.setPortNormal     platform.o
    0x08009988   0x08009988   0x00000050   Code   RO          693    i.setTunedFrequency  appl_commands.o
    0x080099d8   0x080099d8   0x00000014   Code   RO         1596    i.spiInitialize     spi_driver.o
    0x080099ec   0x080099ec   0x0000000c   Code   RO         1597    i.spiSelect         spi_driver.o
    0x080099f8   0x080099f8   0x00000050   Code   RO         1598    i.spiTxRx           spi_driver.o
    0x08009a48   0x08009a48   0x0000000c   Code   RO         1599    i.spiUnselect       spi_driver.o
    0x08009a54   0x08009a54   0x00000104   Code   RO         1641    i.st25RU3993AntennaPower  st25ru3993.o
    0x08009b58   0x08009b58   0x00000050   Code   RO         1642    i.st25RU3993CommandContinuousAddress  st25ru3993.o
    0x08009ba8   0x08009ba8   0x00000038   Code   RO         1643    i.st25RU3993ContinuousRead  st25ru3993.o
    0x08009be0   0x08009be0   0x00000044   Code   RO         1644    i.st25RU3993ContinuousWrite  st25ru3993.o
    0x08009c24   0x08009c24   0x00000034   Code   RO         1645    i.st25RU3993EnterDirectMode  st25ru3993.o
    0x08009c58   0x08009c58   0x000000b8   Code   RO         1646    i.st25RU3993EnterPowerDownMode  st25ru3993.o
    0x08009d10   0x08009d10   0x00000020   Code   RO         1647    i.st25RU3993EnterPowerNormalMode  st25ru3993.o
    0x08009d30   0x08009d30   0x00000020   Code   RO         1648    i.st25RU3993EnterPowerNormalRfMode  st25ru3993.o
    0x08009d50   0x08009d50   0x00000030   Code   RO         1649    i.st25RU3993EnterPowerStandbyMode  st25ru3993.o
    0x08009d80   0x08009d80   0x00000028   Code   RO         1650    i.st25RU3993ExitDirectMode  st25ru3993.o
    0x08009da8   0x08009da8   0x000000d4   Code   RO         1651    i.st25RU3993ExitPowerDownMode  st25ru3993.o
    0x08009e7c   0x08009e7c   0x00000002   Code   RO         1652    i.st25RU3993ExitPowerNormalMode  st25ru3993.o
    0x08009e7e   0x08009e7e   0x00000002   Code   RO         1653    i.st25RU3993ExitPowerNormalRfMode  st25ru3993.o
    0x08009e80   0x08009e80   0x0000001a   Code   RO         1654    i.st25RU3993ExitPowerStandbyMode  st25ru3993.o
    0x08009e9a   0x08009e9a   0x00000002   PAD
    0x08009e9c   0x08009e9c   0x00000030   Code   RO         1655    i.st25RU3993FifoRead  st25ru3993.o
    0x08009ecc   0x08009ecc   0x00000024   Code   RO         1656    i.st25RU3993GetADC  st25ru3993.o
    0x08009ef0   0x08009ef0   0x000000d0   Code   RO         1658    i.st25RU3993GetRSSI  st25ru3993.o
    0x08009fc0   0x08009fc0   0x00000072   Code   RO         1659    i.st25RU3993GetRSSIMaxSensitive  st25ru3993.o
    0x0800a032   0x0800a032   0x000000be   Code   RO         1660    i.st25RU3993GetReflectedPower  st25ru3993.o
    0x0800a0f0   0x0800a0f0   0x00000052   Code   RO         1662    i.st25RU3993GetSensitivity  st25ru3993.o
    0x0800a142   0x0800a142   0x00000002   PAD
    0x0800a144   0x0800a144   0x00000244   Code   RO         1663    i.st25RU3993Initialize  st25ru3993.o
    0x0800a388   0x0800a388   0x000000c8   Code   RO         1664    i.st25RU3993IsFrequencyChangeNecessary  st25ru3993.o
    0x0800a450   0x0800a450   0x0000009c   Code   RO         1665    i.st25RU3993Isr     st25ru3993.o
    0x0800a4ec   0x0800a4ec   0x000000b4   Code   RO         1666    i.st25RU3993LockPLL  st25ru3993.o
    0x0800a5a0   0x0800a5a0   0x00000006   Code   RO         1667    i.st25RU3993ReadChipVersion  st25ru3993.o
    0x0800a5a6   0x0800a5a6   0x00000032   Code   RO         1669    i.st25RU3993ResetDoNotPreserveRegisters  st25ru3993.o
    0x0800a5d8   0x0800a5d8   0x0000005c   Code   RO         1670    i.st25RU3993SetBaseFrequency  st25ru3993.o
    0x0800a634   0x0800a634   0x000000cc   Code   RO         1671    i.st25RU3993SetSensitivity  st25ru3993.o
    0x0800a700   0x0800a700   0x00000028   Code   RO         1672    i.st25RU3993SingleCommand  st25ru3993.o
    0x0800a728   0x0800a728   0x0000005c   Code   RO         1673    i.st25RU3993SingleRead  st25ru3993.o
    0x0800a784   0x0800a784   0x0000004c   Code   RO         1674    i.st25RU3993SingleWrite  st25ru3993.o
    0x0800a7d0   0x0800a7d0   0x000002da   Code   RO         1675    i.st25RU3993TxRxGen2Bytes  st25ru3993.o
    0x0800aaaa   0x0800aaaa   0x00000002   PAD
    0x0800aaac   0x0800aaac   0x00000030   Code   RO         1676    i.st25RU3993WaitForResponse  st25ru3993.o
    0x0800aadc   0x0800aadc   0x00000030   Code   RO         1677    i.st25RU3993WaitForResponseTimed  st25ru3993.o
    0x0800ab0c   0x0800ab0c   0x00000048   Code   RO         1678    i.st25RU3993WaitForStartup  st25ru3993.o
    0x0800ab54   0x0800ab54   0x0000014e   Code   RO         2088    i.tunerClimbOneParam  tuner.o
    0x0800aca2   0x0800aca2   0x0000002a   Code   RO         2089    i.tunerGetReflected  tuner.o
    0x0800accc   0x0800accc   0x000001d6   Code   RO         2090    i.tunerMultiHillClimb  tuner.o
    0x0800aea2   0x0800aea2   0x00000002   PAD
    0x0800aea4   0x0800aea4   0x00000294   Code   RO         2091    i.tunerOneHillClimb  tuner.o
    0x0800b138   0x0800b138   0x00000020   Code   RO         2092    i.tunerSetCap       tuner.o
    0x0800b158   0x0800b158   0x00000030   Code   RO         2093    i.tunerSetCapCin    tuner.o
    0x0800b188   0x0800b188   0x00000030   Code   RO         2094    i.tunerSetCapClen   tuner.o
    0x0800b1b8   0x0800b1b8   0x00000030   Code   RO         2095    i.tunerSetCapCout   tuner.o
    0x0800b1e8   0x0800b1e8   0x0000001a   Code   RO         2096    i.tunerSetCaps      tuner.o
    0x0800b202   0x0800b202   0x00000002   PAD
    0x0800b204   0x0800b204   0x0000002c   Code   RO         2097    i.tunerSetTuning    tuner.o
    0x0800b230   0x0800b230   0x00000078   Code   RO          694    i.tuning            appl_commands.o
    0x0800b2a8   0x0800b2a8   0x00000054   Code   RO         2215    i.uartInitialize    uart_driver.o
    0x0800b2fc   0x0800b2fc   0x00000014   Code   RO         2216    i.uartRxNextPacket  uart_driver.o
    0x0800b310   0x0800b310   0x00000108   Code   RO         2217    i.uartRxRead        uart_driver.o
    0x0800b418   0x0800b418   0x0000000c   Code   RO         2272    i.uartStreamHasAnotherPacket  uart_stream_driver.o
    0x0800b424   0x0800b424   0x00000010   Code   RO         2273    i.uartStreamInitialize  uart_stream_driver.o
    0x0800b434   0x0800b434   0x00000010   Code   RO         2274    i.uartStreamPacketProcessed  uart_stream_driver.o
    0x0800b444   0x0800b444   0x00000004   Code   RO         2275    i.uartStreamReady   uart_stream_driver.o
    0x0800b448   0x0800b448   0x00000018   Code   RO         2276    i.uartStreamReceive  uart_stream_driver.o
    0x0800b460   0x0800b460   0x00000044   Code   RO         2277    i.uartStreamTransmit  uart_stream_driver.o
    0x0800b4a4   0x0800b4a4   0x00000004   Code   RO         2278    i.uartStreamTransmitBuffer  uart_stream_driver.o
    0x0800b4a8   0x0800b4a8   0x00000058   Code   RO         2218    i.uartTxBufferDirect  uart_driver.o
    0x0800b500   0x0800b500   0x00000034   Code   RO         2219    i.uartTxNBytes      uart_driver.o
    0x0800b534   0x0800b534   0x00000044   Code   RO         2220    i.uartTxNextPacket  uart_driver.o
    0x0800b578   0x0800b578   0x0000001c   Code   RO         1976    i.udelay            timer.o
    0x0800b594   0x0800b594   0x0000005a   Code   RO         1360    i.uint32ToEbv       global.o
    0x0800b5ee   0x0800b5ee   0x00000002   PAD
    0x0800b5f0   0x0800b5f0   0x00000058   Code   RO         1679    i.writeReadST25RU3993  st25ru3993.o
    0x0800b648   0x0800b648   0x0000004c   Code   RO         1680    i.writeReadST25RU3993Isr  st25ru3993.o
    0x0800b694   0x0800b694   0x00000054   Code   RO          695    i.writeRegister     appl_commands.o
    0x0800b6e8   0x0800b6e8   0x000000ae   Code   RO          696    i.writeTagMemGen2   appl_commands.o
    0x0800b796   0x0800b796   0x00000002   PAD
    0x0800b798   0x0800b798   0x000000c6   Code   RO          697    i.writeToTagGen2    appl_commands.o
    0x0800b85e   0x0800b85e   0x00000200   Data   RO         1155    .constdata          crc.o
    0x0800ba5e   0x0800ba5e   0x00000002   PAD
    0x0800ba60   0x0800ba60   0x00000100   Data   RO         1235    .constdata          gen2.o
    0x0800bb60   0x0800bb60   0x00000022   Data   RO         1915    .constdata          stream_dispatcher.o
    0x0800bb82   0x0800bb82   0x00000002   PAD
    0x0800bb84   0x0800bb84   0x00000794   Data   RO         2099    .constdata          tuner.o
    0x0800c318   0x0800c318   0x00000040   Data   RO         2339    .constdata          system_stm32l4xx.o
    0x0800c358   0x0800c358   0x00000008   Data   RO         2340    .constdata          system_stm32l4xx.o
    0x0800c360   0x0800c360   0x00000011   Data   RO         1120    .conststring        bootloader.o
    0x0800c371   0x0800c371   0x00000003   PAD
    0x0800c374   0x0800c374   0x00000020   Data   RO         6653    Region$$Table       anon$$obj.o


    Execution Region RW_IRAM1 (Exec base: 0x20000000, Load base: 0x0800c394, Size: 0x000114e8, Max: 0x00017ff0, ABSOLUTE, COMPRESSED[0x000000cc])

    Exec Addr    Load Addr    Size         Type   Attr      Idx    E Section Name        Object

    0x20000000   COMPRESSED   0x00000064   Data   RW          701    .data               appl_commands.o
    0x20000064   COMPRESSED   0x00000100   Data   RW         1065    .data               appl_commands_table.o
    0x20000164   COMPRESSED   0x00000008   Data   RW         1083    .data               bitbang.o
    0x2000016c   COMPRESSED   0x00000004   Data   RW         1121    .data               bootloader.o
    0x20000170   COMPRESSED   0x00000002   Data   RW         1236    .data               gen2.o
    0x20000172   COMPRESSED   0x00000001   Data   RW         1400    .data               iso6b.o
    0x20000173   COMPRESSED   0x00000001   PAD
    0x20000174   COMPRESSED   0x00000004   Data   RW         1489    .data               logger.o
    0x20000178   COMPRESSED   0x00000001   Data   RW         1553    .data               platform.o
    0x20000179   COMPRESSED   0x00000003   PAD
    0x2000017c   COMPRESSED   0x00000010   Data   RW         1683    .data               st25ru3993.o
    0x2000018c   COMPRESSED   0x00000001   Data   RW         1916    .data               stream_dispatcher.o
    0x2000018d   COMPRESSED   0x00000003   PAD
    0x20000190   COMPRESSED   0x00000008   Data   RW         1977    .data               timer.o
    0x20000198   COMPRESSED   0x00000003   Data   RW         2100    .data               tuner.o
    0x2000019b   COMPRESSED   0x00000001   PAD
    0x2000019c   COMPRESSED   0x0000000c   Data   RW         2222    .data               uart_driver.o
    0x200001a8   COMPRESSED   0x0000000c   Data   RW         2280    .data               uart_stream_driver.o
    0x200001b4   COMPRESSED   0x00000004   Data   RW         2341    .data               system_stm32l4xx.o
    0x200001b8   COMPRESSED   0x00000004   Data   RW         4462    .data               stm32l4xx_hal.o
    0x200001bc   COMPRESSED   0x00000020   Data   RW         5405    .data               stm32l4xx_hal_flash.o
    0x200001dc   COMPRESSED   0x00000004   Data   RW         6292    .data               mc_w.l(rand.o)
    0x200001e0   COMPRESSED   0x00000004   Data   RW         6628    .data               mc_w.l(mvars.o)
    0x200001e4   COMPRESSED   0x00000004   Data   RW         6629    .data               mc_w.l(mvars.o)
    0x200001e8        -       0x00000024   Zero   RW          336    .bss                rtc.o
    0x2000020c        -       0x00000064   Zero   RW          379    .bss                spi.o
    0x20000270        -       0x000000c0   Zero   RW          428    .bss                tim.o
    0x20000330        -       0x000001c8   Zero   RW          481    .bss                usart.o
    0x200004f8        -       0x00009dcc   Zero   RW          700    .bss                appl_commands.o
    0x2000a2c4        -       0x00000036   Zero   RW         1234    .bss                gen2.o
    0x2000a2fa        -       0x00000064   Zero   RW         1399    .bss                iso6b.o
    0x2000a35e        -       0x00002000   Zero   RW         1488    .bss                logger.o
    0x2000c35e        -       0x00000100   Zero   RW         1600    .bss                spi_driver.o
    0x2000c45e        -       0x00000123   Zero   RW         1681    .bss                st25ru3993.o
    0x2000c581        -       0x0000100a   Zero   RW         1913    .bss                stream_dispatcher.o
    0x2000d58b   COMPRESSED   0x00000001   PAD
    0x2000d58c        -       0x00000b58   Zero   RW         2098    .bss                tuner.o
    0x2000e0e4        -       0x00002000   Zero   RW         2221    .bss                uart_driver.o
    0x200100e4        -       0x00000800   Zero   RW         2279    .bss                uart_stream_driver.o
    0x200108e4   COMPRESSED   0x00000004   PAD
    0x200108e8        -       0x00000600   Zero   RW         2373    HEAP                startup_stm32l476xx.o
    0x20010ee8        -       0x00000600   Zero   RW         2372    STACK               startup_stm32l476xx.o


==============================================================================

Image component sizes


      Code (inc. data)   RO Data    RW Data    ZI Data      Debug   Object Name

      8894        522          0        100      40396      53993   appl_commands.o
         0          0          0        256          0       1443   appl_commands_table.o
       136         16          0          8          0       2243   bitbang.o
       104         24         17          4          0       6319   bootloader.o
        48          4        512          0          0       1407   crc.o
        76          4          0          0          0        818   dma.o
       132          6          0          0          0       1685   flash_access.o
      4118        144        256          2         54      19709   gen2.o
       198          0          0          0          0       2360   global.o
       574         28          0          0          0       2301   gpio.o
      1604         56          0          1        100      10409   iso6b.o
       284         54          0          4       8192       3233   logger.o
       370         62          0          0          0     887740   main.o
       104         10          0          1          0       1783   platform.o
       260         34          0          0         36       1763   rtc.o
       224         50          0          0        100       2666   spi.o
       124         16          0          0        256       2750   spi_driver.o
      4510        176          0         16        291      29094   st25ru3993.o
        36          8        392          0       3072        804   startup_stm32l476xx.o
       132         22          0          4          0       4251   stm32l4xx_hal.o
       286         24          0          0          0      33442   stm32l4xx_hal_cortex.o
       704         14          0          0          0       5186   stm32l4xx_hal_dma.o
       406         46          0         32          0       5290   stm32l4xx_hal_flash.o
       410         28          0          0          0       3911   stm32l4xx_hal_flash_ex.o
       792         76          0          0          0       4900   stm32l4xx_hal_gpio.o
       128          6          0          0          0        954   stm32l4xx_hal_msp.o
        16          4          0          0          0        547   stm32l4xx_hal_pwr.o
       116         20          0          0          0       1362   stm32l4xx_hal_pwr_ex.o
      1798         92          0          0          0       7304   stm32l4xx_hal_rcc.o
      1506         44          0          0          0       4284   stm32l4xx_hal_rcc_ex.o
      1330         22          0          0          0       8012   stm32l4xx_hal_rtc.o
         2          0          0          0          0       1528   stm32l4xx_hal_rtc_ex.o
      1720         20          0          0          0       8580   stm32l4xx_hal_spi.o
      1070         40          0          0          0      10948   stm32l4xx_hal_tim.o
       102          8          0          0          0       3217   stm32l4xx_hal_tim_ex.o
      2210        100          0          0          0      16177   stm32l4xx_hal_uart.o
         2          0          0          0          0       1072   stm32l4xx_hal_uart_ex.o
       118         48          0          0          0       4663   stm32l4xx_it.o
       462         36         34          1       4106       5637   stream_dispatcher.o
        56         12         72          4          0       1305   system_stm32l4xx.o
       436         90          0          0        192       3030   tim.o
       106         38          0          8          0       3868   timer.o
      4454        472       1940          3       2904      18262   tuner.o
       576         88          0         12       8192       4822   uart_driver.o
       144         32          0         12       2048       4808   uart_stream_driver.o
       504         88          0          0        456       2700   usart.o

    ----------------------------------------------------------------------
     41474       2684       3262        476      70400    1202580   Object Totals
         0          0         32          0          0          0   (incl. Generated)
        92          0          7          8          5          0   (incl. Padding)

    ----------------------------------------------------------------------

      Code (inc. data)   RO Data    RW Data    ZI Data      Debug   Library Member Name

       220         16          0          0          0         84   ceil.o
       220         16          0          0          0         84   floor.o
       148         12          0          0          0         88   round.o
        86          0          0          0          0          0   __dczerorl2.o
         0          0          0          0          0          0   entry.o
         0          0          0          0          0          0   entry10a.o
         0          0          0          0          0          0   entry11a.o
         8          4          0          0          0          0   entry2.o
         4          0          0          0          0          0   entry5.o
         0          0          0          0          0          0   entry7b.o
         0          0          0          0          0          0   entry8b.o
         8          4          0          0          0          0   entry9a.o
        30          0          0          0          0          0   handlers.o
        36          8          0          0          0         68   init.o
         0          0          0          0          0          0   iusefp.o
        30          0          0          0          0         68   llshl.o
        36          0          0          0          0         68   llsshr.o
        32          0          0          0          0         68   llushr.o
       188         20          0          0          0        160   malloc.o
        26          0          0          0          0         80   memcmp.o
        36          0          0          0          0         68   memcpya.o
        36          0          0          0          0        108   memseta.o
         0          0          0          8          0          0   mvars.o
      2352         88          0          0          0        600   printfa.o
        36         10          0          4          0        136   rand.o
        14          0          0          0          0         68   strlen.o
        44          0          0          0          0         80   uidiv.o
       104          0          0          0          0         92   uldiv.o
        48          0          0          0          0         68   cdcmple.o
        48          0          0          0          0         68   cdrcmple.o
       350          0          0          0          0        148   dadd.o
       222          0          0          0          0        100   ddiv.o
       186          0          0          0          0        176   depilogue.o
        50          0          0          0          0         76   dfixui.o
        48          0          0          0          0         68   dfixul.o
        26          0          0          0          0         76   dfltui.o
       234          0          0          0          0         96   dmul.o
       136          4          0          0          0         92   drnd.o
        38          0          0          0          0         68   f2d.o
       124          0          0          0          0         88   fdiv.o
       110          0          0          0          0        168   fepilogue.o
        10          0          0          0          0         68   ffltui.o

    ----------------------------------------------------------------------
      5332        182          0         12          0       3280   Library Totals
         8          0          0          0          0          0   (incl. Padding)

    ----------------------------------------------------------------------

      Code (inc. data)   RO Data    RW Data    ZI Data      Debug   Library Name

       588         44          0          0          0        256   m_ws.l
      3106        134          0         12          0       1664   mc_w.l
      1630          4          0          0          0       1360   mf_w.l

    ----------------------------------------------------------------------
      5332        182          0         12          0       3280   Library Totals

    ----------------------------------------------------------------------

==============================================================================


      Code (inc. data)   RO Data    RW Data    ZI Data      Debug   

     46806       2866       3262        488      70400    1186384   Grand Totals
     46806       2866       3262        204      70400    1186384   ELF Image Totals (compressed)
     46806       2866       3262        204          0          0   ROM Totals

==============================================================================

    Total RO  Size (Code + RO Data)                50068 (  48.89kB)
    Total RW  Size (RW Data + ZI Data)             70888 (  69.23kB)
    Total ROM Size (Code + RO Data + RW Data)      50272 (  49.09kB)

==============================================================================

